Component: ARM Compiler 5.06 update 6 (build 750) Tool: armlink [4d35ed]

==============================================================================

Section Cross References

    main.o(i.I2C_Scan) refers to _printf_pad.o(.text) for _printf_pre_padding
    main.o(i.I2C_Scan) refers to _printf_percent.o(.ARM.Collect$$_printf_percent$$00000000) for _printf_percent
    main.o(i.I2C_Scan) refers to _printf_x.o(.ARM.Collect$$_printf_percent$$0000000C) for _printf_x
    main.o(i.I2C_Scan) refers to _printf_hex_int.o(.text) for _printf_longlong_hex
    main.o(i.I2C_Scan) refers to rt_memcpy_w.o(.text) for __aeabi_memcpy4
    main.o(i.I2C_Scan) refers to strlen.o(.text) for strlen
    main.o(i.I2C_Scan) refers to stm32f4xx_hal_usart.o(i.HAL_USART_Transmit) for HAL_USART_Transmit
    main.o(i.I2C_Scan) refers to stm32f4xx_hal_i2c.o(i.HAL_I2C_IsDeviceReady) for HAL_I2C_IsDeviceReady
    main.o(i.I2C_Scan) refers to noretval__2snprintf.o(.text) for __2snprintf
    main.o(i.I2C_Scan) refers to it.o(i.Delay) for Delay
    main.o(i.I2C_Scan) refers to main.o(.bss) for huart2
    main.o(i.InitADC) refers to stm32f4xx_hal_adc.o(i.HAL_ADC_Init) for HAL_ADC_Init
    main.o(i.InitADC) refers to stm32f4xx_hal_adc.o(i.HAL_ADC_ConfigChannel) for HAL_ADC_ConfigChannel
    main.o(i.InitADC) refers to stm32f4xx_hal_gpio.o(i.HAL_GPIO_Init) for HAL_GPIO_Init
    main.o(i.InitADC) refers to main.o(.bss) for hadc1
    main.o(i.Init_I2C) refers to stm32f4xx_hal_gpio.o(i.HAL_GPIO_Init) for HAL_GPIO_Init
    main.o(i.Init_I2C) refers to stm32f4xx_hal_i2c.o(i.HAL_I2C_Init) for HAL_I2C_Init
    main.o(i.Init_I2C) refers to main.o(.bss) for hi2c1
    main.o(i.Init_UART) refers to stm32f4xx_hal_gpio.o(i.HAL_GPIO_Init) for HAL_GPIO_Init
    main.o(i.Init_UART) refers to stm32f4xx_hal_usart.o(i.HAL_USART_Init) for HAL_USART_Init
    main.o(i.Init_UART) refers to main.o(.bss) for huart2
    main.o(i.LCD_Init) refers to main.o(i.LCD_SendCommand) for LCD_SendCommand
    main.o(i.LCD_SendCommand) refers to main.o(i.LCD_SendInternal) for LCD_SendInternal
    main.o(i.LCD_SendData) refers to main.o(i.LCD_SendInternal) for LCD_SendInternal
    main.o(i.LCD_SendInternal) refers to stm32f4xx_hal_i2c.o(i.HAL_I2C_IsDeviceReady) for HAL_I2C_IsDeviceReady
    main.o(i.LCD_SendInternal) refers to stm32f4xx_hal_i2c.o(i.HAL_I2C_Master_Transmit) for HAL_I2C_Master_Transmit
    main.o(i.LCD_SendInternal) refers to it.o(i.Delay) for Delay
    main.o(i.LCD_SendInternal) refers to main.o(.bss) for hi2c1
    main.o(i.LCD_SendString) refers to main.o(i.LCD_SendData) for LCD_SendData
    main.o(i.SystemClock_Config) refers to stm32f4xx_hal_rcc.o(i.HAL_RCC_OscConfig) for HAL_RCC_OscConfig
    main.o(i.SystemClock_Config) refers to stm32f4xx_hal_rcc.o(i.HAL_RCC_ClockConfig) for HAL_RCC_ClockConfig
    main.o(i.SystemClock_Config) refers to system_stm32f4xx.o(.data) for SystemCoreClock
    main.o(i.init) refers to main.o(i.LCD_Init) for LCD_Init
    main.o(i.init) refers to it.o(i.Delay) for Delay
    main.o(i.init) refers to main.o(i.LCD_SendCommand) for LCD_SendCommand
    main.o(i.init) refers to main.o(i.LCD_SendString) for LCD_SendString
    main.o(i.main) refers to _printf_percent.o(.ARM.Collect$$_printf_percent$$00000000) for _printf_percent
    main.o(i.main) refers to _printf_d.o(.ARM.Collect$$_printf_percent$$00000009) for _printf_d
    main.o(i.main) refers to _printf_dec.o(.text) for _printf_int_dec
    main.o(i.main) refers to _printf_pad.o(.text) for _printf_pre_padding
    main.o(i.main) refers to _printf_x.o(.ARM.Collect$$_printf_percent$$0000000C) for _printf_x
    main.o(i.main) refers to _printf_hex_int.o(.text) for _printf_longlong_hex
    main.o(i.main) refers to stm32f4xx_hal.o(i.HAL_Init) for HAL_Init
    main.o(i.main) refers to main.o(i.SystemClock_Config) for SystemClock_Config
    main.o(i.main) refers to led_f4discovery.o(i.LED_Initialize) for LED_Initialize
    main.o(i.main) refers to buttons_f4discovery.o(i.Buttons_Initialize) for Buttons_Initialize
    main.o(i.main) refers to main.o(i.Init_UART) for Init_UART
    main.o(i.main) refers to main.o(i.Init_I2C) for Init_I2C
    main.o(i.main) refers to main.o(i.InitADC) for InitADC
    main.o(i.main) refers to main.o(i.LCD_Init) for LCD_Init
    main.o(i.main) refers to rand.o(.text) for srand
    main.o(i.main) refers to main.o(i.randomADC) for randomADC
    main.o(i.main) refers to encrypt.o(i.gen_round_keys) for gen_round_keys
    main.o(i.main) refers to noretval__2printf.o(.text) for __2printf
    main.o(i.main) refers to noretval__2snprintf.o(.text) for __2snprintf
    main.o(i.main) refers to main.o(i.LCD_SendCommand) for LCD_SendCommand
    main.o(i.main) refers to main.o(i.LCD_SendString) for LCD_SendString
    main.o(i.main) refers to buttons_f4discovery.o(i.Buttons_GetState) for Buttons_GetState
    main.o(i.main) refers to it.o(i.Delay) for Delay
    main.o(i.main) refers to strlen.o(.text) for strlen
    main.o(i.main) refers to h1_alloc.o(.text) for malloc
[...]
    ../clib/heapalloc.c                      0x00000000   Number         0  init_alloc.o ABSOLUTE
    ../clib/heapalloc.c                      0x00000000   Number         0  free.o ABSOLUTE
    ../clib/heapalloc.c                      0x00000000   Number         0  maybetermalloc2.o ABSOLUTE
    ../clib/heapaux.c                        0x00000000   Number         0  heapauxa.o ABSOLUTE
    ../clib/heapaux.c                        0x00000000   Number         0  heapauxi.o ABSOLUTE
    ../clib/libinit.s                        0x00000000   Number         0  libinit2.o ABSOLUTE
    ../clib/libinit.s                        0x00000000   Number         0  libshutdown2.o ABSOLUTE
    ../clib/libinit.s                        0x00000000   Number         0  libshutdown.o ABSOLUTE
    ../clib/libinit.s                        0x00000000   Number         0  libinit.o ABSOLUTE
    ../clib/longlong.s                       0x00000000   Number         0  lludivv7m.o ABSOLUTE
    ../clib/memcpset.s                       0x00000000   Number         0  rt_memcpy_w.o ABSOLUTE
    ../clib/misc.s                           0x00000000   Number         0  printf_stubs.o ABSOLUTE
    ../clib/printf.c                         0x00000000   Number         0  __printf_ss.o ABSOLUTE
    ../clib/printf.c                         0x00000000   Number         0  __printf_flags_ss.o ABSOLUTE
    ../clib/printf.c                         0x00000000   Number         0  __printf_wp.o ABSOLUTE
    ../clib/printf.c                         0x00000000   Number         0  __printf_flags_wp.o ABSOLUTE
    ../clib/printf.c                         0x00000000   Number         0  __printf_ss_wp.o ABSOLUTE
    ../clib/printf.c                         0x00000000   Number         0  _printf_char_common.o ABSOLUTE
    ../clib/printf.c                         0x00000000   Number         0  _printf_intcommon.o ABSOLUTE
    ../clib/printf.c                         0x00000000   Number         0  _sputc.o ABSOLUTE
    ../clib/printf.c                         0x00000000   Number         0  _snputc.o ABSOLUTE
    ../clib/printf.c                         0x00000000   Number         0  _printf_char_file.o ABSOLUTE
    ../clib/printf.c                         0x00000000   Number         0  __printf_nopercent.o ABSOLUTE
    ../clib/printf.c                         0x00000000   Number         0  __printf_flags_ss_wp.o ABSOLUTE
    ../clib/printf.c                         0x00000000   Number         0  __2printf.o ABSOLUTE
    ../clib/printf.c                         0x00000000   Number         0  __2snprintf.o ABSOLUTE
    ../clib/printf.c                         0x00000000   Number         0  noretval__2printf.o ABSOLUTE
    ../clib/printf.c                         0x00000000   Number         0  noretval__2snprintf.o ABSOLUTE
    ../clib/printf.c                         0x00000000   Number         0  __printf.o ABSOLUTE
    ../clib/printf.c                         0x00000000   Number         0  _printf_pad.o ABSOLUTE
    ../clib/printf.c                         0x00000000   Number         0  _printf_dec.o ABSOLUTE
    ../clib/printf.c                         0x00000000   Number         0  _printf_hex_ll.o ABSOLUTE
    ../clib/printf.c                         0x00000000   Number         0  _printf_hex_int.o ABSOLUTE
    ../clib/printf.c                         0x00000000   Number         0  _printf_hex_int_ll.o ABSOLUTE
    ../clib/printf.c                         0x00000000   Number         0  _printf_hex_ptr.o ABSOLUTE
    ../clib/printf.c                         0x00000000   Number         0  _printf_hex_int_ptr.o ABSOLUTE
    ../clib/printf.c                         0x00000000   Number         0  _printf_hex_ll_ptr.o ABSOLUTE
    ../clib/printf.c                         0x00000000   Number         0  _printf_hex_int_ll_ptr.o ABSOLUTE
    ../clib/printf.c                         0x00000000   Number         0  __printf_flags.o ABSOLUTE
    ../clib/printf_percent.s                 0x00000000   Number         0  _printf_u.o ABSOLUTE
    ../clib/printf_percent.s                 0x00000000   Number         0  _printf_x.o ABSOLUTE
    ../clib/printf_percent.s                 0x00000000   Number         0  _printf_percent_end.o ABSOLUTE
    ../clib/printf_percent.s                 0x00000000   Number         0  _printf_d.o ABSOLUTE
    ../clib/printf_percent.s                 0x00000000   Number         0  _printf_percent.o ABSOLUTE
    ../clib/signal.c                         0x00000000   Number         0  defsig_exit.o ABSOLUTE
    ../clib/signal.c                         0x00000000   Number         0  defsig_fpe_outer.o ABSOLUTE
    ../clib/signal.c                         0x00000000   Number         0  defsig_general.o ABSOLUTE
    ../clib/signal.c                         0x00000000   Number         0  defsig_fpe_formal.o ABSOLUTE
    ../clib/signal.c                         0x00000000   Number         0  defsig_rtmem_formal.o ABSOLUTE
    ../clib/signal.c                         0x00000000   Number         0  defsig_rtmem_inner.o ABSOLUTE
    ../clib/signal.c                         0x00000000   Number         0  __raise.o ABSOLUTE
    ../clib/signal.c                         0x00000000   Number         0  defsig_fpe_inner.o ABSOLUTE
    ../clib/signal.c                         0x00000000   Number         0  defsig_rtmem_outer.o ABSOLUTE
    ../clib/signal.c                         0x00000000   Number         0  defsig_abrt_inner.o ABSOLUTE
    ../clib/signal.c                         0x00000000   Number         0  defsig_rtred_inner.o ABSOLUTE
    ../clib/signal.c                         0x00000000   Number         0  defsig_other.o ABSOLUTE
    ../clib/signal.c                         0x00000000   Number         0  defsig_segv_inner.o ABSOLUTE
    ../clib/signal.c                         0x00000000   Number         0  defsig_cppl_inner.o ABSOLUTE
    ../clib/signal.c                         0x00000000   Number         0  defsig_pvfn_inner.o ABSOLUTE
    ../clib/signal.c                         0x00000000   Number         0  defsig_stak_inner.o ABSOLUTE
    ../clib/signal.s                         0x00000000   Number         0  defsig.o ABSOLUTE
    ../clib/stdio.c                          0x00000000   Number         0  ferror_locked.o ABSOLUTE
    ../clib/stdio.c                          0x00000000   Number         0  ferror.o ABSOLUTE
    ../clib/stdlib.c                         0x00000000   Number         0  exit.o ABSOLUTE
    ../clib/stdlib.c                         0x00000000   Number         0  rand.o ABSOLUTE
    ../clib/stdlib.c                         0x00000000   Number         0  rand.o ABSOLUTE
    ../clib/string.c                         0x00000000   Number         0  strlen.o ABSOLUTE
    ../fplib/fpinit.s                        0x00000000   Number         0  fpinit.o ABSOLUTE
    C:\Users\User\AppData\Local\Arm\Packs\Keil\STM32F4xx_DFP\2.14.0\Drivers\STM32F4xx_HAL_Driver\Src\stm32f4xx_hal.c 0x00000000   Number         0  stm32f4xx_hal.o ABSOLUTE
    C:\Users\User\AppData\Local\Arm\Packs\Keil\STM32F4xx_DFP\2.14.0\Drivers\STM32F4xx_HAL_Driver\Src\stm32f4xx_hal_adc.c 0x00000000   Number         0  stm32f4xx_hal_adc.o ABSOLUTE
    C:\Users\User\AppData\Local\Arm\Packs\Keil\STM32F4xx_DFP\2.14.0\Drivers\STM32F4xx_HAL_Driver\Src\stm32f4xx_hal_adc_ex.c 0x00000000   Number         0  stm32f4xx_hal_adc_ex.o ABSOLUTE
    C:\Users\User\AppData\Local\Arm\Packs\Keil\STM32F4xx_DFP\2.14.0\Drivers\STM32F4xx_HAL_Driver\Src\stm32f4xx_hal_cortex.c 0x00000000   Number         0  stm32f4xx_hal_cortex.o ABSOLUTE
    C:\Users\User\AppData\Local\Arm\Packs\Keil\STM32F4xx_DFP\2.14.0\Drivers\STM32F4xx_HAL_Driver\Src\stm32f4xx_hal_dma.c 0x00000000   Number         0  stm32f4xx_hal_dma.o ABSOLUTE
    C:\Users\User\AppData\Local\Arm\Packs\Keil\STM32F4xx_DFP\2.14.0\Drivers\STM32F4xx_HAL_Driver\Src\stm32f4xx_hal_dma_ex.c 0x00000000   Number         0  stm32f4xx_hal_dma_ex.o ABSOLUTE
    C:\Users\User\AppData\Local\Arm\Packs\Keil\STM32F4xx_DFP\2.14.0\Drivers\STM32F4xx_HAL_Driver\Src\stm32f4xx_hal_gpio.c 0x00000000   Number         0  stm32f4xx_hal_gpio.o ABSOLUTE
    C:\Users\User\AppData\Local\Arm\Packs\Keil\STM32F4xx_DFP\2.14.0\Drivers\STM32F4xx_HAL_Driver\Src\stm32f4xx_hal_i2c.c 0x00000000   Number         0  stm32f4xx_hal_i2c.o ABSOLUTE
    C:\Users\User\AppData\Local\Arm\Packs\Keil\STM32F4xx_DFP\2.14.0\Drivers\STM32F4xx_HAL_Driver\Src\stm32f4xx_hal_i2c_ex.c 0x00000000   Number         0  stm32f4xx_hal_i2c_ex.o ABSOLUTE
    C:\Users\User\AppData\Local\Arm\Packs\Keil\STM32F4xx_DFP\2.14.0\Drivers\STM32F4xx_HAL_Driver\Src\stm32f4xx_hal_pwr.c 0x00000000   Number         0  stm32f4xx_hal_pwr.o ABSOLUTE
    C:\Users\User\AppData\Local\Arm\Packs\Keil\STM32F4xx_DFP\2.14.0\Drivers\STM32F4xx_HAL_Driver\Src\stm32f4xx_hal_pwr_ex.c 0x00000000   Number         0  stm32f4xx_hal_pwr_ex.o ABSOLUTE
    C:\Users\User\AppData\Local\Arm\Packs\Keil\STM32F4xx_DFP\2.14.0\Drivers\STM32F4xx_HAL_Driver\Src\stm32f4xx_hal_rcc.c 0x00000000   Number         0  stm32f4xx_hal_rcc.o ABSOLUTE
    C:\Users\User\AppData\Local\Arm\Packs\Keil\STM32F4xx_DFP\2.14.0\Drivers\STM32F4xx_HAL_Driver\Src\stm32f4xx_hal_rcc_ex.c 0x00000000   Number         0  stm32f4xx_hal_rcc_ex.o ABSOLUTE
    C:\Users\User\AppData\Local\Arm\Packs\Keil\STM32F4xx_DFP\2.14.0\Drivers\STM32F4xx_HAL_Driver\Src\stm32f4xx_hal_usart.c 0x00000000   Number         0  stm32f4xx_hal_usart.o ABSOLUTE
    C:\Users\User\AppData\Local\Arm\Packs\Keil\STM32F4xx_DFP\2.14.0\MDK\Boards\ST\STM32F4-Discovery\Common\Buttons_F4Discovery.c 0x00000000   Number         0  buttons_f4discovery.o ABSOLUTE
    C:\Users\User\AppData\Local\Arm\Packs\Keil\STM32F4xx_DFP\2.14.0\MDK\Boards\ST\STM32F4-Discovery\Common\LED_F4Discovery.c 0x00000000   Number         0  led_f4discovery.o ABSOLUTE
    C:\\Users\\User\\AppData\\Local\\Arm\\Packs\\Keil\\STM32F4xx_DFP\\2.14.0\\Drivers\\STM32F4xx_HAL_Driver\\Src\\stm32f4xx_hal.c 0x00000000   Number         0  stm32f4xx_hal.o ABSOLUTE
    C:\\Users\\User\\AppData\\Local\\Arm\\Packs\\Keil\\STM32F4xx_DFP\\2.14.0\\Drivers\\STM32F4xx_HAL_Driver\\Src\\stm32f4xx_hal_adc.c 0x00000000   Number         0  stm32f4xx_hal_adc.o ABSOLUTE
    C:\\Users\\User\\AppData\\Local\\Arm\\Packs\\Keil\\STM32F4xx_DFP\\2.14.0\\Drivers\\STM32F4xx_HAL_Driver\\Src\\stm32f4xx_hal_adc_ex.c 0x00000000   Number         0  stm32f4xx_hal_adc_ex.o ABSOLUTE
    C:\\Users\\User\\AppData\\Local\\Arm\\Packs\\Keil\\STM32F4xx_DFP\\2.14.0\\Drivers\\STM32F4xx_HAL_Driver\\Src\\stm32f4xx_hal_cortex.c 0x00000000   Number         0  stm32f4xx_hal_cortex.o ABSOLUTE
    C:\\Users\\User\\AppData\\Local\\Arm\\Packs\\Keil\\STM32F4xx_DFP\\2.14.0\\Drivers\\STM32F4xx_HAL_Driver\\Src\\stm32f4xx_hal_dma.c 0x00000000   Number         0  stm32f4xx_hal_dma.o ABSOLUTE
    C:\\Users\\User\\AppData\\Local\\Arm\\Packs\\Keil\\STM32F4xx_DFP\\2.14.0\\Drivers\\STM32F4xx_HAL_Driver\\Src\\stm32f4xx_hal_dma_ex.c 0x00000000   Number         0  stm32f4xx_hal_dma_ex.o ABSOLUTE
    C:\\Users\\User\\AppData\\Local\\Arm\\Packs\\Keil\\STM32F4xx_DFP\\2.14.0\\Drivers\\STM32F4xx_HAL_Driver\\Src\\stm32f4xx_hal_gpio.c 0x00000000   Number         0  stm32f4xx_hal_gpio.o ABSOLUTE
    C:\\Users\\User\\AppData\\Local\\Arm\\Packs\\Keil\\STM32F4xx_DFP\\2.14.0\\Drivers\\STM32F4xx_HAL_Driver\\Src\\stm32f4xx_hal_i2c.c 0x00000000   Number         0  stm32f4xx_hal_i2c.o ABSOLUTE
    C:\\Users\\User\\AppData\\Local\\Arm\\Packs\\Keil\\STM32F4xx_DFP\\2.14.0\\Drivers\\STM32F4xx_HAL_Driver\\Src\\stm32f4xx_hal_i2c_ex.c 0x00000000   Number         0  stm32f4xx_hal_i2c_ex.o ABSOLUTE
    C:\\Users\\User\\AppData\\Local\\Arm\\Packs\\Keil\\STM32F4xx_DFP\\2.14.0\\Drivers\\STM32F4xx_HAL_Driver\\Src\\stm32f4xx_hal_pwr.c 0x00000000   Number         0  stm32f4xx_hal_pwr.o ABSOLUTE
    C:\\Users\\User\\AppData\\Local\\Arm\\Packs\\Keil\\STM32F4xx_DFP\\2.14.0\\Drivers\\STM32F4xx_HAL_Driver\\Src\\stm32f4xx_hal_pwr_ex.c 0x00000000   Number         0  stm32f4xx_hal_pwr_ex.o ABSOLUTE
    C:\\Users\\User\\AppData\\Local\\Arm\\Packs\\Keil\\STM32F4xx_DFP\\2.14.0\\Drivers\\STM32F4xx_HAL_Driver\\Src\\stm32f4xx_hal_rcc.c 0x00000000   Number         0  stm32f4xx_hal_rcc.o ABSOLUTE
    C:\\Users\\User\\AppData\\Local\\Arm\\Packs\\Keil\\STM32F4xx_DFP\\2.14.0\\Drivers\\STM32F4xx_HAL_Driver\\Src\\stm32f4xx_hal_rcc_ex.c 0x00000000   Number         0  stm32f4xx_hal_rcc_ex.o ABSOLUTE
    C:\\Users\\User\\AppData\\Local\\Arm\\Packs\\Keil\\STM32F4xx_DFP\\2.14.0\\Drivers\\STM32F4xx_HAL_Driver\\Src\\stm32f4xx_hal_usart.c 0x00000000   Number         0  stm32f4xx_hal_usart.o ABSOLUTE
    C:\\Users\\User\\AppData\\Local\\Arm\\Packs\\Keil\\STM32F4xx_DFP\\2.14.0\\MDK\\Boards\\ST\\STM32F4-Discovery\\Common\\Buttons_F4Discovery.c 0x00000000   Number         0  buttons_f4discovery.o ABSOLUTE
    C:\\Users\\User\\AppData\\Local\\Arm\\Packs\\Keil\\STM32F4xx_DFP\\2.14.0\\MDK\\Boards\\ST\\STM32F4-Discovery\\Common\\LED_F4Discovery.c 0x00000000   Number         0  led_f4discovery.o ABSOLUTE
    RTE\Device\STM32F411VETx\startup_stm32f411xe.s 0x00000000   Number         0  startup_stm32f411xe.o ABSOLUTE
    RTE\Device\STM32F411VETx\system_stm32f4xx.c 0x00000000   Number         0  system_stm32f4xx.o ABSOLUTE
    RTE\\Device\\STM32F411VETx\\system_stm32f4xx.c 0x00000000   Number         0  system_stm32f4xx.o ABSOLUTE
    blockchain.c                             0x00000000   Number         0  blockchain.o ABSOLUTE
    dc.s                                     0x00000000   Number         0  dc.o ABSOLUTE
    encrypt.c                                0x00000000   Number         0  encrypt.o ABSOLUTE
    it.c                                     0x00000000   Number         0  it.o ABSOLUTE
    it.c                                     0x00000000   Number         0  it.o ABSOLUTE
    main.c                                   0x00000000   Number         0  main.o ABSOLUTE
    main.c                                   0x00000000   Number         0  main.o ABSOLUTE
    RESET                                    0x08000000   Section      408  startup_stm32f411xe.o(RESET)
    !!!main                                  0x08000198   Section        8  __main.o(!!!main)
    !!!scatter                               0x080001a0   Section       52  __scatter.o(!!!scatter)
    !!handler_copy                           0x080001d4   Section       26  __scatter_copy.o(!!handler_copy)
    !!handler_zi                             0x080001f0   Section       28  __scatter_zi.o(!!handler_zi)
    .ARM.Collect$$_printf_percent$$00000000  0x0800020c   Section        0  _printf_percent.o(.ARM.Collect$$_printf_percent$$00000000)
    .ARM.Collect$$_printf_percent$$00000009  0x0800020c   Section        6  _printf_d.o(.ARM.Collect$$_printf_percent$$00000009)
    .ARM.Collect$$_printf_percent$$0000000A  0x08000212   Section        6  _printf_u.o(.ARM.Collect$$_printf_percent$$0000000A)
    .ARM.Collect$$_printf_percent$$0000000C  0x08000218   Section        6  _printf_x.o(.ARM.Collect$$_printf_percent$$0000000C)
    .ARM.Collect$$_printf_percent$$00000017  0x0800021e   Section        4  _printf_percent_end.o(.ARM.Collect$$_printf_percent$$00000017)
    .ARM.Collect$$libinit$$00000000          0x08000222   Section        2  libinit.o(.ARM.Collect$$libinit$$00000000)
    .ARM.Collect$$libinit$$00000001          0x08000224   Section        4  libinit2.o(.ARM.Collect$$libinit$$00000001)
    .ARM.Collect$$libinit$$00000004          0x08000228   Section        0  libinit2.o(.ARM.Collect$$libinit$$00000004)
    .ARM.Collect$$libinit$$00000005          0x08000228   Section        8  libinit2.o(.ARM.Collect$$libinit$$00000005)
    .ARM.Collect$$libinit$$0000000A          0x08000230   Section        0  libinit2.o(.ARM.Collect$$libinit$$0000000A)
    .ARM.Collect$$libinit$$0000000C          0x08000230   Section        0  libinit2.o(.ARM.Collect$$libinit$$0000000C)
    .ARM.Collect$$libinit$$0000000D          0x08000230   Section        4  libinit2.o(.ARM.Collect$$libinit$$0000000D)
    .ARM.Collect$$libinit$$0000000E          0x08000234   Section        0  libinit2.o(.ARM.Collect$$libinit$$0000000E)
    .ARM.Collect$$libinit$$00000011          0x08000234   Section        0  libinit2.o(.ARM.Collect$$libinit$$00000011)
    .ARM.Collect$$libinit$$00000013          0x08000234   Section        0  libinit2.o(.ARM.Collect$$libinit$$00000013)
    .ARM.Collect$$libinit$$00000015          0x08000234   Section        0  libinit2.o(.ARM.Collect$$libinit$$00000015)
    .ARM.Collect$$libinit$$00000017          0x08000234   Section        0  libinit2.o(.ARM.Collect$$libinit$$00000017)
    .ARM.Collect$$libinit$$00000019          0x08000234   Section        0  libinit2.o(.ARM.Collect$$libinit$$00000019)
    .ARM.Collect$$libinit$$0000001B          0x08000234   Section        0  libinit2.o(.ARM.Collect$$libinit$$0000001B)
    .ARM.Collect$$libinit$$0000001D          0x08000234   Section        0  libinit2.o(.ARM.Collect$$libinit$$0000001D)
    .ARM.Collect$$libinit$$0000001F          0x08000234   Section        0  libinit2.o(.ARM.Collect$$libinit$$0000001F)
    .ARM.Collect$$libinit$$00000021          0x08000234   Section        0  libinit2.o(.ARM.Collect$$libinit$$00000021)
    .ARM.Collect$$libinit$$00000023          0x08000234   Section        0  libinit2.o(.ARM.Collect$$libinit$$00000023)
    .ARM.Collect$$libinit$$00000025          0x08000234   Section        0  libinit2.o(.ARM.Collect$$libinit$$00000025)
    .ARM.Collect$$libinit$$0000002C          0x08000234   Section        0  libinit2.o(.ARM.Collect$$libinit$$0000002C)
    .ARM.Collect$$libinit$$0000002E          0x08000234   Section        0  libinit2.o(.ARM.Collect$$libinit$$0000002E)
    .ARM.Collect$$libinit$$00000030          0x08000234   Section        0  libinit2.o(.ARM.Collect$$libinit$$00000030)
    .ARM.Collect$$libinit$$00000032          0x08000234   Section        0  libinit2.o(.ARM.Collect$$libinit$$00000032)
    .ARM.Collect$$libinit$$00000033          0x08000234   Section        2  libinit2.o(.ARM.Collect$$libinit$$00000033)
    .ARM.Collect$$libshutdown$$00000000      0x08000236   Section        2  libshutdown.o(.ARM.Collect$$libshutdown$$00000000)
    .ARM.Collect$$libshutdown$$00000002      0x08000238   Section        0  libshutdown2.o(.ARM.Collect$$libshutdown$$00000002)
    .ARM.Collect$$libshutdown$$00000004      0x08000238   Section        0  libshutdown2.o(.ARM.Collect$$libshutdown$$00000004)
    .ARM.Collect$$libshutdown$$00000007      0x08000238   Section        0  libshutdown2.o(.ARM.Collect$$libshutdown$$00000007)
    .ARM.Collect$$libshutdown$$0000000A      0x08000238   Section        0  libshutdown2.o(.ARM.Collect$$libshutdown$$0000000A)
    .ARM.Collect$$libshutdown$$0000000C      0x08000238   Section        0  libshutdown2.o(.ARM.Collect$$libshutdown$$0000000C)
    .ARM.Collect$$libshutdown$$0000000F      0x08000238   Section        0  libshutdown2.o(.ARM.Collect$$libshutdown$$0000000F)
    .ARM.Collect$$libshutdown$$00000010      0x08000238   Section        2  libshutdown2.o(.ARM.Collect$$libshutdown$$00000010)
    .ARM.Collect$$rtentry$$00000000          0x0800023a   Section        0  __rtentry.o(.ARM.Collect$$rtentry$$00000000)
    .ARM.Collect$$rtentry$$00000002          0x0800023a   Section        0  __rtentry2.o(.ARM.Collect$$rtentry$$00000002)
    .ARM.Collect$$rtentry$$00000004          0x0800023a   Section        6  __rtentry4.o(.ARM.Collect$$rtentry$$00000004)
    .ARM.Collect$$rtentry$$00000009          0x08000240   Section        0  __rtentry2.o(.ARM.Collect$$rtentry$$00000009)
    .ARM.Collect$$rtentry$$0000000A          0x08000240   Section        4  __rtentry2.o(.ARM.Collect$$rtentry$$0000000A)
    .ARM.Collect$$rtentry$$0000000C          0x08000244   Section        0  __rtentry2.o(.ARM.Collect$$rtentry$$0000000C)
    .ARM.Collect$$rtentry$$0000000D          0x08000244   Section        8  __rtentry2.o(.ARM.Collect$$rtentry$$0000000D)
    .ARM.Collect$$rtexit$$00000000           0x0800024c   Section        2  rtexit.o(.ARM.Collect$$rtexit$$00000000)
    .ARM.Collect$$rtexit$$00000002           0x0800024e   Section        0  rtexit2.o(.ARM.Collect$$rtexit$$00000002)
    .ARM.Collect$$rtexit$$00000003           0x0800024e   Section        4  rtexit2.o(.ARM.Collect$$rtexit$$00000003)
    .ARM.Collect$$rtexit$$00000004           0x08000252   Section        6  rtexit2.o(.ARM.Collect$$rtexit$$00000004)
    .emb_text                                0x08000258   Section        0  maybetermalloc1.o(.emb_text)
    .text                                    0x08000258   Section       64  startup_stm32f411xe.o(.text)
    $v0                                      0x08000258   Number         0  startup_stm32f411xe.o(.text)
    .text                                    0x08000298   Section        0  h1_alloc.o(.text)
    .text                                    0x080002f6   Section      238  lludivv7m.o(.text)
    .text                                    0x080003e4   Section        0  noretval__2printf.o(.text)
    .text                                    0x080003fc   Section        0  noretval__2snprintf.o(.text)
    .text                                    0x08000430   Section        0  _printf_pad.o(.text)
    .text                                    0x08000480   Section        0  _printf_dec.o(.text)
    .text                                    0x080004f8   Section        0  _printf_hex_int.o(.text)
    .text                                    0x08000550   Section        0  __printf_flags_wp.o(.text)
    .text                                    0x08000688   Section        0  rand.o(.text)
    .text                                    0x080006c4   Section        0  strlen.o(.text)
    .text                                    0x08000702   Section        0  heapauxi.o(.text)
    .text                                    0x08000708   Section        8  rt_heap_descriptor_intlibspace.o(.text)
    .text                                    0x08000710   Section        0  hguard.o(.text)
    .text                                    0x08000714   Section        0  init_alloc.o(.text)
    .text                                    0x0800079e   Section        0  h1_init.o(.text)
    .text                                    0x080007ac   Section        0  h1_free.o(.text)
    .text                                    0x080007fa   Section        0  _printf_intcommon.o(.text)
    .text                                    0x080008ac   Section        0  _printf_char_common.o(.text)
    _printf_input_char                       0x080008ad   Thumb Code    10  _printf_char_common.o(.text)
    .text                                    0x080008dc   Section        0  _sputc.o(.text)
    .text                                    0x080008e6   Section        0  _snputc.o(.text)
    .text                                    0x080008f8   Section        0  _printf_char_file.o(.text)
    .text                                    0x0800091c   Section        8  libspace.o(.text)
    .text                                    0x08000924   Section        0  h1_extend.o(.text)
    .text                                    0x08000958   Section        0  ferror.o(.text)
    .text                                    0x08000960   Section        0  defsig_rtmem_outer.o(.text)
    .text                                    0x0800096e   Section        2  use_no_semi.o(.text)
    .text                                    0x08000970   Section       74  sys_stackheap_outer.o(.text)
    .text                                    0x08000970   Section        0  indicate_semi.o(.text)
    .text                                    0x080009ba   Section        0  exit.o(.text)
    .text                                    0x080009cc   Section        0  defsig_exit.o(.text)
    .text                                    0x080009d8   Section        0  defsig_rtmem_inner.o(.text)
    .text                                    0x08000a28   Section        0  sys_exit.o(.text)
    .text                                    0x08000a34   Section        0  defsig_general.o(.text)
    .text                                    0x08000a66   Section        0  sys_wrch.o(.text)
    i.ADC_Init                               0x08000a74   Section        0  stm32f4xx_hal_adc.o(i.ADC_Init)
    ADC_Init                                 0x08000a75   Thumb Code   344  stm32f4xx_hal_adc.o(i.ADC_Init)
    i.Buttons_GetState                       0x08000bd4   Section        0  buttons_f4discovery.o(i.Buttons_GetState)
    i.Buttons_Initialize                     0x08000bf0   Section        0  buttons_f4discovery.o(i.Buttons_Initialize)
    i.Delay                                  0x08000c34   Section        0  it.o(i.Delay)
    i.HAL_ADC_ConfigChannel                  0x08000c4c   Section        0  stm32f4xx_hal_adc.o(i.HAL_ADC_ConfigChannel)
    i.HAL_ADC_GetValue                       0x08000df0   Section        0  stm32f4xx_hal_adc.o(i.HAL_ADC_GetValue)
    i.HAL_ADC_Init                           0x08000df8   Section        0  stm32f4xx_hal_adc.o(i.HAL_ADC_Init)
    i.HAL_ADC_MspInit                        0x08000e60   Section        0  stm32f4xx_hal_adc.o(i.HAL_ADC_MspInit)
    i.HAL_ADC_PollForConversion              0x08000e62   Section        0  stm32f4xx_hal_adc.o(i.HAL_ADC_PollForConversion)
    i.HAL_ADC_Start                          0x08000f24   Section        0  stm32f4xx_hal_adc.o(i.HAL_ADC_Start)
    i.HAL_ADC_Stop                           0x08001028   Section        0  stm32f4xx_hal_adc.o(i.HAL_ADC_Stop)
    i.HAL_GPIO_Init                          0x08001070   Section        0  stm32f4xx_hal_gpio.o(i.HAL_GPIO_Init)
    i.HAL_GPIO_ReadPin                       0x08001244   Section        0  stm32f4xx_hal_gpio.o(i.HAL_GPIO_ReadPin)
    i.HAL_GetTick                            0x08001254   Section        0  stm32f4xx_hal.o(i.HAL_GetTick)
    i.HAL_I2C_Init                           0x08001260   Section        0  stm32f4xx_hal_i2c.o(i.HAL_I2C_Init)
    i.HAL_I2C_IsDeviceReady                  0x08001418   Section        0  stm32f4xx_hal_i2c.o(i.HAL_I2C_IsDeviceReady)
    i.HAL_I2C_Master_Transmit                0x080015bc   Section        0  stm32f4xx_hal_i2c.o(i.HAL_I2C_Master_Transmit)
    i.HAL_I2C_MspInit                        0x0800172c   Section        0  stm32f4xx_hal_i2c.o(i.HAL_I2C_MspInit)
    i.HAL_Init                               0x08001730   Section        0  stm32f4xx_hal.o(i.HAL_Init)
    i.HAL_InitTick                           0x0800176c   Section        0  stm32f4xx_hal.o(i.HAL_InitTick)
    i.HAL_MspInit                            0x080017b8   Section        0  stm32f4xx_hal.o(i.HAL_MspInit)
    i.HAL_NVIC_SetPriority                   0x080017ba   Section        0  stm32f4xx_hal_cortex.o(i.HAL_NVIC_SetPriority)
    i.HAL_NVIC_SetPriorityGrouping           0x08001838   Section        0  stm32f4xx_hal_cortex.o(i.HAL_NVIC_SetPriorityGrouping)
    i.HAL_RCC_ClockConfig                    0x08001860   Section        0  stm32f4xx_hal_rcc.o(i.HAL_RCC_ClockConfig)
    i.HAL_RCC_GetHCLKFreq                    0x080019e0   Section        0  stm32f4xx_hal_rcc.o(i.HAL_RCC_GetHCLKFreq)
    i.HAL_RCC_GetPCLK1Freq                   0x080019ec   Section        0  stm32f4xx_hal_rcc.o(i.HAL_RCC_GetPCLK1Freq)
    i.HAL_RCC_GetPCLK2Freq                   0x08001a0c   Section        0  stm32f4xx_hal_rcc.o(i.HAL_RCC_GetPCLK2Freq)
    i.HAL_RCC_GetSysClockFreq                0x08001a2c   Section        0  stm32f4xx_hal_rcc.o(i.HAL_RCC_GetSysClockFreq)
    i.HAL_RCC_OscConfig                      0x08001adc   Section        0  stm32f4xx_hal_rcc.o(i.HAL_RCC_OscConfig)
    i.HAL_SYSTICK_Config                     0x08001f24   Section        0  stm32f4xx_hal_cortex.o(i.HAL_SYSTICK_Config)
    i.HAL_USART_Init                         0x08001f58   Section        0  stm32f4xx_hal_usart.o(i.HAL_USART_Init)
    i.HAL_USART_MspInit                      0x08001fb2   Section        0  stm32f4xx_hal_usart.o(i.HAL_USART_MspInit)
    i.HAL_USART_Transmit                     0x08001fb4   Section        0  stm32f4xx_hal_usart.o(i.HAL_USART_Transmit)
    i.HardFault_Handler                      0x0800208c   Section        0  it.o(i.HardFault_Handler)
    i.I2C_IsAcknowledgeFailed                0x080020b4   Section        0  stm32f4xx_hal_i2c.o(i.I2C_IsAcknowledgeFailed)
    I2C_IsAcknowledgeFailed                  0x080020b5   Thumb Code    62  stm32f4xx_hal_i2c.o(i.I2C_IsAcknowledgeFailed)
    i.I2C_MasterRequestWrite                 0x080020f4   Section        0  stm32f4xx_hal_i2c.o(i.I2C_MasterRequestWrite)
    I2C_MasterRequestWrite                   0x080020f5   Thumb Code   166  stm32f4xx_hal_i2c.o(i.I2C_MasterRequestWrite)
    i.I2C_WaitOnBTFFlagUntilTimeout          0x080021a0   Section        0  stm32f4xx_hal_i2c.o(i.I2C_WaitOnBTFFlagUntilTimeout)
    I2C_WaitOnBTFFlagUntilTimeout            0x080021a1   Thumb Code    92  stm32f4xx_hal_i2c.o(i.I2C_WaitOnBTFFlagUntilTimeout)
    i.I2C_WaitOnFlagUntilTimeout             0x080021fc   Section        0  stm32f4xx_hal_i2c.o(i.I2C_WaitOnFlagUntilTimeout)
    I2C_WaitOnFlagUntilTimeout               0x080021fd   Thumb Code   134  stm32f4xx_hal_i2c.o(i.I2C_WaitOnFlagUntilTimeout)
    i.I2C_WaitOnMasterAddressFlagUntilTimeout 0x08002282   Section        0  stm32f4xx_hal_i2c.o(i.I2C_WaitOnMasterAddressFlagUntilTimeout)
    I2C_WaitOnMasterAddressFlagUntilTimeout  0x08002283   Thumb Code   196  stm32f4xx_hal_i2c.o(i.I2C_WaitOnMasterAddressFlagUntilTimeout)
    i.I2C_WaitOnTXEFlagUntilTimeout          0x08002346   Section        0  stm32f4xx_hal_i2c.o(i.I2C_WaitOnTXEFlagUntilTimeout)
    I2C_WaitOnTXEFlagUntilTimeout            0x08002347   Thumb Code    92  stm32f4xx_hal_i2c.o(i.I2C_WaitOnTXEFlagUntilTimeout)
    i.InitADC                                0x080023a4   Section        0  main.o(i.InitADC)
    i.Init_I2C                               0x08002468   Section        0  main.o(i.Init_I2C)
    i.Init_UART                              0x08002514   Section        0  main.o(i.Init_UART)
    i.LCD_Init                               0x080025b8   Section        0  main.o(i.LCD_Init)
    i.LCD_SendCommand                        0x080025de   Section        0  main.o(i.LCD_SendCommand)
    i.LCD_SendData                           0x080025f0   Section        0  main.o(i.LCD_SendData)
    i.LCD_SendInternal                       0x08002604   Section        0  main.o(i.LCD_SendInternal)
    i.LCD_SendString                         0x08002684   Section        0  main.o(i.LCD_SendString)
    i.LED_Initialize                         0x080026a0   Section        0  led_f4discovery.o(i.LED_Initialize)
    i.SysTick_Handler                        0x080026ec   Section        0  it.o(i.SysTick_Handler)
    i.SystemClock_Config                     0x080026fc   Section        0  main.o(i.SystemClock_Config)
    i.SystemInit                             0x080027a0   Section        0  system_stm32f4xx.o(i.SystemInit)
    i.USART_SetConfig                        0x08002804   Section        0  stm32f4xx_hal_usart.o(i.USART_SetConfig)
    USART_SetConfig                          0x08002805   Thumb Code   488  stm32f4xx_hal_usart.o(i.USART_SetConfig)
    i.USART_WaitOnFlagUntilTimeout           0x080029f4   Section        0  stm32f4xx_hal_usart.o(i.USART_WaitOnFlagUntilTimeout)
    USART_WaitOnFlagUntilTimeout             0x080029f5   Thumb Code   128  stm32f4xx_hal_usart.o(i.USART_WaitOnFlagUntilTimeout)
    i.__NVIC_GetPriorityGrouping             0x08002a74   Section        0  stm32f4xx_hal_cortex.o(i.__NVIC_GetPriorityGrouping)
    __NVIC_GetPriorityGrouping               0x08002a75   Thumb Code    10  stm32f4xx_hal_cortex.o(i.__NVIC_GetPriorityGrouping)
    i.__NVIC_SetPriority                     0x08002a84   Section        0  stm32f4xx_hal_cortex.o(i.__NVIC_SetPriority)
    __NVIC_SetPriority                       0x08002a85   Thumb Code    32  stm32f4xx_hal_cortex.o(i.__NVIC_SetPriority)
    i._is_digit                              0x08002aac   Section        0  __printf_wp.o(i._is_digit)
    i.decrypt                                0x08002aba   Section        0  encrypt.o(i.decrypt)
    i.decrypt_first                          0x08002afa   Section        0  encrypt.o(i.decrypt_first)
    i.decrypt_round                          0x08002b32   Section        0  encrypt.o(i.decrypt_round)
    i.decryptblock                           0x08002b6a   Section        0  blockchain.o(i.decryptblock)
    i.encrypt                                0x08002bfe   Section        0  encrypt.o(i.encrypt)
    i.encrypt_last                           0x08002c42   Section        0  encrypt.o(i.encrypt_last)
    i.encrypt_round                          0x08002c7a   Section        0  encrypt.o(i.encrypt_round)
    i.encryptblock                           0x08002cb4   Section        0  blockchain.o(i.encryptblock)
    i.fputc                                  0x08002d64   Section        0  main.o(i.fputc)
    i.gen_round_keys                         0x08002d88   Section        0  encrypt.o(i.gen_round_keys)
    i.main                                   0x08002e00   Section        0  main.o(i.main)
    i.randomADC                              0x0800306c   Section        0  main.o(i.randomADC)
    i.shift_F                                0x080030ac   Section        0  encrypt.o(i.shift_F)
    x$fpl$fpinit                             0x0800311c   Section       10  fpinit.o(x$fpl$fpinit)
    $v0                                      0x0800311c   Number         0  fpinit.o(x$fpl$fpinit)
    .constdata                               0x08003128   Section       71  main.o(.constdata)
    .constdata                               0x08003170   Section       36  encrypt.o(.constdata)
    .constdata                               0x08003194   Section       24  system_stm32f4xx.o(.constdata)
    .constdata                               0x080031ac   Section       40  _printf_hex_int.o(.constdata)
    uc_hextab                                0x080031ac   Data          20  _printf_hex_int.o(.constdata)
    lc_hextab                                0x080031c0   Data          20  _printf_hex_int.o(.constdata)
    .constdata                               0x080031d4   Section       17  __printf_flags_wp.o(.constdata)
    maptable                                 0x080031d4   Data          17  __printf_flags_wp.o(.constdata)
    .data                                    0x20000000   Section        8  main.o(.data)
    .data                                    0x20000008   Section        4  it.o(.data)
    .data                                    0x2000000c   Section        9  stm32f4xx_hal.o(.data)
    .data                                    0x20000018   Section        4  system_stm32f4xx.o(.data)
    .bss                                     0x2000001c   Section      224  main.o(.bss)
    .bss                                     0x200000fc   Section      228  rand.o(.bss)
    .bss                                     0x200001e0   Section       96  libspace.o(.bss)
    HEAP                                     0x20000240   Section      512  startup_stm32f411xe.o(HEAP)
    Heap_Mem                                 0x20000240   Data         512  startup_stm32f411xe.o(HEAP)
    STACK                                    0x20000440   Section     1024  startup_stm32f411xe.o(STACK)
    Stack_Mem                                0x20000440   Data        1024  startup_stm32f411xe.o(STACK)
    __initial_sp                             0x20000840   Data           0  startup_stm32f411xe.o(STACK)

    Global Symbols

    Symbol Name                              Value     Ov Type        Size  Object(Section)

    BuildAttributes$$THM_ISAv4$E$P$D$K$B$S$7EM$VFPi3$EXTD16$VFPS$VFMA$PE$A:L22UL41UL21$X:L11$S22US41US21$IEEE1$IW$USESV6$~STKCKD$USESV7$~SHL$OTIME$ROPI$EBA8$UX$STANDARDLIB$REQ8$PRES8$EABIv2 0x00000000   Number         0  anon$$obj.o ABSOLUTE
    __ARM_use_no_argv                        0x00000000   Number         0  main.o ABSOLUTE
    _printf_flags                            0x00000000   Number         0  printf_stubs.o ABSOLUTE
    _printf_return_value                     0x00000000   Number         0  printf_stubs.o ABSOLUTE
    _printf_sizespec                         0x00000000   Number         0  printf_stubs.o ABSOLUTE
    _printf_widthprec                        0x00000000   Number         0  printf_stubs.o ABSOLUTE
    __ARM_exceptions_init                     - Undefined Weak Reference
    __alloca_initialize                       - Undefined Weak Reference
    __arm_preinit_                            - Undefined Weak Reference
    __cpp_initialize__aeabi_                  - Undefined Weak Reference
    __cxa_finalize                            - Undefined Weak Reference
    __rt_locale                               - Undefined Weak Reference
    __sigvec_lookup                           - Undefined Weak Reference
    __user_heap_extent                        - Undefined Weak Reference
    _atexit_init                              - Undefined Weak Reference
    _call_atexit_fns                          - Undefined Weak Reference
    _clock_init                               - Undefined Weak Reference
    _fp_trap_init                             - Undefined Weak Reference
    _fp_trap_shutdown                         - Undefined Weak Reference
    _get_lc_collate                           - Undefined Weak Reference
    _get_lc_ctype                             - Undefined Weak Reference
    _get_lc_monetary                          - Undefined Weak Reference
    _get_lc_numeric                           - Undefined Weak Reference
    _get_lc_time                              - Undefined Weak Reference
    _getenv_init                              - Undefined Weak Reference
    _handle_redirection                       - Undefined Weak Reference
    _initio                                   - Undefined Weak Reference
    _mutex_acquire                            - Undefined Weak Reference
    _mutex_free                               - Undefined Weak Reference
    _mutex_release                            - Undefined Weak Reference
    _printf_truncate_signed                   - Undefined Weak Reference
    _printf_truncate_unsigned                 - Undefined Weak Reference
    _signal_finish                            - Undefined Weak Reference
    _signal_init                              - Undefined Weak Reference
    _terminateio                              - Undefined Weak Reference
    __Vectors_Size                           0x00000198   Number         0  startup_stm32f411xe.o ABSOLUTE
    __Vectors                                0x08000000   Data           4  startup_stm32f411xe.o(RESET)
    __Vectors_End                            0x08000198   Data           0  startup_stm32f411xe.o(RESET)
    __main                                   0x08000199   Thumb Code     8  __main.o(!!!main)
    __scatterload                            0x080001a1   Thumb Code     0  __scatter.o(!!!scatter)
    __scatterload_rt2                        0x080001a1   Thumb Code    44  __scatter.o(!!!scatter)
    __scatterload_rt2_thumb_only             0x080001a1   Thumb Code     0  __scatter.o(!!!scatter)
    __scatterload_null                       0x080001af   Thumb Code     0  __scatter.o(!!!scatter)
    __scatterload_copy                       0x080001d5   Thumb Code    26  __scatter_copy.o(!!handler_copy)
    __scatterload_zeroinit                   0x080001f1   Thumb Code    28  __scatter_zi.o(!!handler_zi)
    _printf_d                                0x0800020d   Thumb Code     0  _printf_d.o(.ARM.Collect$$_printf_percent$$00000009)
    _printf_percent                          0x0800020d   Thumb Code     0  _printf_percent.o(.ARM.Collect$$_printf_percent$$00000000)
    _printf_u                                0x08000213   Thumb Code     0  _printf_u.o(.ARM.Collect$$_printf_percent$$0000000A)
    _printf_x                                0x08000219   Thumb Code     0  _printf_x.o(.ARM.Collect$$_printf_percent$$0000000C)
    _printf_percent_end                      0x0800021f   Thumb Code     0  _printf_percent_end.o(.ARM.Collect$$_printf_percent$$00000017)
    __rt_lib_init                            0x08000223   Thumb Code     0  libinit.o(.ARM.Collect$$libinit$$00000000)
    __rt_lib_init_fp_1                       0x08000225   Thumb Code     0  libinit2.o(.ARM.Collect$$libinit$$00000001)
    __rt_lib_init_heap_2                     0x08000229   Thumb Code     0  libinit2.o(.ARM.Collect$$libinit$$00000005)
    __rt_lib_init_preinit_1                  0x08000229   Thumb Code     0  libinit2.o(.ARM.Collect$$libinit$$00000004)
    __rt_lib_init_heap_1                     0x08000231   Thumb Code     0  libinit2.o(.ARM.Collect$$libinit$$0000000A)
    __rt_lib_init_rand_2                     0x08000231   Thumb Code     0  libinit2.o(.ARM.Collect$$libinit$$0000000D)
    __rt_lib_init_user_alloc_1               0x08000231   Thumb Code     0  libinit2.o(.ARM.Collect$$libinit$$0000000C)
    __rt_lib_init_alloca_1                   0x08000235   Thumb Code     0  libinit2.o(.ARM.Collect$$libinit$$0000002E)
    __rt_lib_init_argv_1                     0x08000235   Thumb Code     0  libinit2.o(.ARM.Collect$$libinit$$0000002C)
    __rt_lib_init_atexit_1                   0x08000235   Thumb Code     0  libinit2.o(.ARM.Collect$$libinit$$0000001B)
    __rt_lib_init_clock_1                    0x08000235   Thumb Code     0  libinit2.o(.ARM.Collect$$libinit$$00000021)
    __rt_lib_init_cpp_1                      0x08000235   Thumb Code     0  libinit2.o(.ARM.Collect$$libinit$$00000032)
    __rt_lib_init_exceptions_1               0x08000235   Thumb Code     0  libinit2.o(.ARM.Collect$$libinit$$00000030)
    __rt_lib_init_fp_trap_1                  0x08000235   Thumb Code     0  libinit2.o(.ARM.Collect$$libinit$$0000001F)
    __rt_lib_init_getenv_1                   0x08000235   Thumb Code     0  libinit2.o(.ARM.Collect$$libinit$$00000023)
    __rt_lib_init_lc_collate_1               0x08000235   Thumb Code     0  libinit2.o(.ARM.Collect$$libinit$$00000011)
    __rt_lib_init_lc_ctype_1                 0x08000235   Thumb Code     0  libinit2.o(.ARM.Collect$$libinit$$00000013)
    __rt_lib_init_lc_monetary_1              0x08000235   Thumb Code     0  libinit2.o(.ARM.Collect$$libinit$$00000015)
    __rt_lib_init_lc_numeric_1               0x08000235   Thumb Code     0  libinit2.o(.ARM.Collect$$libinit$$00000017)
    __rt_lib_init_lc_time_1                  0x08000235   Thumb Code     0  libinit2.o(.ARM.Collect$$libinit$$00000019)
    __rt_lib_init_rand_1                     0x08000235   Thumb Code     0  libinit2.o(.ARM.Collect$$libinit$$0000000E)
    __rt_lib_init_return                     0x08000235   Thumb Code     0  libinit2.o(.ARM.Collect$$libinit$$00000033)
    __rt_lib_init_signal_1                   0x08000235   Thumb Code     0  libinit2.o(.ARM.Collect$$libinit$$0000001D)
    __rt_lib_init_stdio_1                    0x08000235   Thumb Code     0  libinit2.o(.ARM.Collect$$libinit$$00000025)
    __rt_lib_shutdown                        0x08000237   Thumb Code     0  libshutdown.o(.ARM.Collect$$libshutdown$$00000000)
    __rt_lib_shutdown_cpp_1                  0x08000239   Thumb Code     0  libshutdown2.o(.ARM.Collect$$libshutdown$$00000002)
    __rt_lib_shutdown_fp_trap_1              0x08000239   Thumb Code     0  libshutdown2.o(.ARM.Collect$$libshutdown$$00000007)
    __rt_lib_shutdown_heap_1                 0x08000239   Thumb Code     0  libshutdown2.o(.ARM.Collect$$libshutdown$$0000000F)
    __rt_lib_shutdown_return                 0x08000239   Thumb Code     0  libshutdown2.o(.ARM.Collect$$libshutdown$$00000010)
    __rt_lib_shutdown_signal_1               0x08000239   Thumb Code     0  libshutdown2.o(.ARM.Collect$$libshutdown$$0000000A)
    __rt_lib_shutdown_stdio_1                0x08000239   Thumb Code     0  libshutdown2.o(.ARM.Collect$$libshutdown$$00000004)
    __rt_lib_shutdown_user_alloc_1           0x08000239   Thumb Code     0  libshutdown2.o(.ARM.Collect$$libshutdown$$0000000C)
    __rt_entry                               0x0800023b   Thumb Code     0  __rtentry.o(.ARM.Collect$$rtentry$$00000000)
    __rt_entry_presh_1                       0x0800023b   Thumb Code     0  __rtentry2.o(.ARM.Collect$$rtentry$$00000002)
    __rt_entry_sh                            0x0800023b   Thumb Code     0  __rtentry4.o(.ARM.Collect$$rtentry$$00000004)
    __rt_entry_li                            0x08000241   Thumb Code     0  __rtentry2.o(.ARM.Collect$$rtentry$$0000000A)
    __rt_entry_postsh_1                      0x08000241   Thumb Code     0  __rtentry2.o(.ARM.Collect$$rtentry$$00000009)
    __rt_entry_main                          0x08000245   Thumb Code     0  __rtentry2.o(.ARM.Collect$$rtentry$$0000000D)
    __rt_entry_postli_1                      0x08000245   Thumb Code     0  __rtentry2.o(.ARM.Collect$$rtentry$$0000000C)
    __rt_exit                                0x0800024d   Thumb Code     0  rtexit.o(.ARM.Collect$$rtexit$$00000000)
    __rt_exit_ls                             0x0800024f   Thumb Code     0  rtexit2.o(.ARM.Collect$$rtexit$$00000003)
    __rt_exit_prels_1                        0x0800024f   Thumb Code     0  rtexit2.o(.ARM.Collect$$rtexit$$00000002)
    __rt_exit_exit                           0x08000253   Thumb Code     0  rtexit2.o(.ARM.Collect$$rtexit$$00000004)
    Reset_Handler                            0x08000259   Thumb Code     8  startup_stm32f411xe.o(.text)
    _maybe_terminate_alloc                   0x08000259   Thumb Code     0  maybetermalloc1.o(.emb_text)
    NMI_Handler                              0x08000261   Thumb Code     2  startup_stm32f411xe.o(.text)
    MemManage_Handler                        0x08000265   Thumb Code     2  startup_stm32f411xe.o(.text)
    BusFault_Handler                         0x08000267   Thumb Code     2  startup_stm32f411xe.o(.text)
    UsageFault_Handler                       0x08000269   Thumb Code     2  startup_stm32f411xe.o(.text)
    SVC_Handler                              0x0800026b   Thumb Code     2  startup_stm32f411xe.o(.text)
    DebugMon_Handler                         0x0800026d   Thumb Code     2  startup_stm32f411xe.o(.text)
    PendSV_Handler                           0x0800026f   Thumb Code     2  startup_stm32f411xe.o(.text)
    ADC_IRQHandler                           0x08000273   Thumb Code     0  startup_stm32f411xe.o(.text)
    DMA1_Stream0_IRQHandler                  0x08000273   Thumb Code     0  startup_stm32f411xe.o(.text)
    DMA1_Stream1_IRQHandler                  0x08000273   Thumb Code     0  startup_stm32f411xe.o(.text)
    DMA1_Stream2_IRQHandler                  0x08000273   Thumb Code     0  startup_stm32f411xe.o(.text)
    DMA1_Stream3_IRQHandler                  0x08000273   Thumb Code     0  startup_stm32f411xe.o(.text)
    DMA1_Stream4_IRQHandler                  0x08000273   Thumb Code     0  startup_stm32f411xe.o(.text)
    DMA1_Stream5_IRQHandler                  0x08000273   Thumb Code     0  startup_stm32f411xe.o(.text)
    DMA1_Stream6_IRQHandler                  0x08000273   Thumb Code     0  startup_stm32f411xe.o(.text)
    DMA1_Stream7_IRQHandler                  0x08000273   Thumb Code     0  startup_stm32f411xe.o(.text)
    DMA2_Stream0_IRQHandler                  0x08000273   Thumb Code     0  startup_stm32f411xe.o(.text)
    DMA2_Stream1_IRQHandler                  0x08000273   Thumb Code     0  startup_stm32f411xe.o(.text)
    DMA2_Stream2_IRQHandler                  0x08000273   Thumb Code     0  startup_stm32f411xe.o(.text)
    DMA2_Stream3_IRQHandler                  0x08000273   Thumb Code     0  startup_stm32f411xe.o(.text)
    DMA2_Stream4_IRQHandler                  0x08000273   Thumb Code     0  startup_stm32f411xe.o(.text)
    DMA2_Stream5_IRQHandler                  0x08000273   Thumb Code     0  startup_stm32f411xe.o(.text)
    DMA2_Stream6_IRQHandler                  0x08000273   Thumb Code     0  startup_stm32f411xe.o(.text)
    DMA2_Stream7_IRQHandler                  0x08000273   Thumb Code     0  startup_stm32f411xe.o(.text)
    EXTI0_IRQHandler                         0x08000273   Thumb Code     0  startup_stm32f411xe.o(.text)
    EXTI15_10_IRQHandler                     0x08000273   Thumb Code     0  startup_stm32f411xe.o(.text)
    EXTI1_IRQHandler                         0x08000273   Thumb Code     0  startup_stm32f411xe.o(.text)
    EXTI2_IRQHandler                         0x08000273   Thumb Code     0  startup_stm32f411xe.o(.text)
    EXTI3_IRQHandler                         0x08000273   Thumb Code     0  startup_stm32f411xe.o(.text)
    EXTI4_IRQHandler                         0x08000273   Thumb Code     0  startup_stm32f411xe.o(.text)
    EXTI9_5_IRQHandler                       0x08000273   Thumb Code     0  startup_stm32f411xe.o(.text)
    FLASH_IRQHandler                         0x08000273   Thumb Code     0  startup_stm32f411xe.o(.text)
    FPU_IRQHandler                           0x08000273   Thumb Code     0  startup_stm32f411xe.o(.text)
    I2C1_ER_IRQHandler                       0x08000273   Thumb Code     0  startup_stm32f411xe.o(.text)
    I2C1_EV_IRQHandler                       0x08000273   Thumb Code     0  startup_stm32f411xe.o(.text)
    I2C2_ER_IRQHandler                       0x08000273   Thumb Code     0  startup_stm32f411xe.o(.text)
    I2C2_EV_IRQHandler                       0x08000273   Thumb Code     0  startup_stm32f411xe.o(.text)
    I2C3_ER_IRQHandler                       0x08000273   Thumb Code     0  startup_stm32f411xe.o(.text)
    I2C3_EV_IRQHandler                       0x08000273   Thumb Code     0  startup_stm32f411xe.o(.text)
    OTG_FS_IRQHandler                        0x08000273   Thumb Code     0  startup_stm32f411xe.o(.text)
    OTG_FS_WKUP_IRQHandler                   0x08000273   Thumb Code     0  startup_stm32f411xe.o(.text)
    PVD_IRQHandler                           0x08000273   Thumb Code     0  startup_stm32f411xe.o(.text)
    RCC_IRQHandler                           0x08000273   Thumb Code     0  startup_stm32f411xe.o(.text)
    RTC_Alarm_IRQHandler                     0x08000273   Thumb Code     0  startup_stm32f411xe.o(.text)
    RTC_WKUP_IRQHandler                      0x08000273   Thumb Code     0  startup_stm32f411xe.o(.text)
    SDIO_IRQHandler                          0x08000273   Thumb Code     0  startup_stm32f411xe.o(.text)
    SPI1_IRQHandler                          0x08000273   Thumb Code     0  startup_stm32f411xe.o(.text)
    SPI2_IRQHandler                          0x08000273   Thumb Code     0  startup_stm32f411xe.o(.text)
    SPI3_IRQHandler                          0x08000273   Thumb Code     0  startup_stm32f411xe.o(.text)
    SPI4_IRQHandler                          0x08000273   Thumb Code     0  startup_stm32f411xe.o(.text)
    SPI5_IRQHandler                          0x08000273   Thumb Code     0  startup_stm32f411xe.o(.text)
    TAMP_STAMP_IRQHandler                    0x08000273   Thumb Code     0  startup_stm32f411xe.o(.text)
    TIM1_BRK_TIM9_IRQHandler                 0x08000273   Thumb Code     0  startup_stm32f411xe.o(.text)
    TIM1_CC_IRQHandler                       0x08000273   Thumb Code     0  startup_stm32f411xe.o(.text)
    TIM1_TRG_COM_TIM11_IRQHandler            0x08000273   Thumb Code     0  startup_stm32f411xe.o(.text)
    TIM1_UP_TIM10_IRQHandler                 0x08000273   Thumb Code     0  startup_stm32f411xe.o(.text)
    TIM2_IRQHandler                          0x08000273   Thumb Code     0  startup_stm32f411xe.o(.text)
    TIM3_IRQHandler                          0x08000273   Thumb Code     0  startup_stm32f411xe.o(.text)
    TIM4_IRQHandler                          0x08000273   Thumb Code     0  startup_stm32f411xe.o(.text)
    TIM5_IRQHandler                          0x08000273   Thumb Code     0  startup_stm32f411xe.o(.text)
    USART1_IRQHandler                        0x08000273   Thumb Code     0  startup_stm32f411xe.o(.text)
    USART2_IRQHandler                        0x08000273   Thumb Code     0  startup_stm32f411xe.o(.text)
    USART6_IRQHandler                        0x08000273   Thumb Code     0  startup_stm32f411xe.o(.text)
    WWDG_IRQHandler                          0x08000273   Thumb Code     0  startup_stm32f411xe.o(.text)
    __user_initial_stackheap                 0x08000275   Thumb Code     0  startup_stm32f411xe.o(.text)
    malloc                                   0x08000299   Thumb Code    94  h1_alloc.o(.text)
    __aeabi_uldivmod                         0x080002f7   Thumb Code     0  lludivv7m.o(.text)
    _ll_udiv                                 0x080002f7   Thumb Code   238  lludivv7m.o(.text)
    __2printf                                0x080003e5   Thumb Code    20  noretval__2printf.o(.text)
    __2snprintf                              0x080003fd   Thumb Code    48  noretval__2snprintf.o(.text)
    _printf_pre_padding                      0x08000431   Thumb Code    44  _printf_pad.o(.text)
    _printf_post_padding                     0x0800045d   Thumb Code    34  _printf_pad.o(.text)
    _printf_int_dec                          0x08000481   Thumb Code   104  _printf_dec.o(.text)
    _printf_int_hex                          0x080004f9   Thumb Code    84  _printf_hex_int.o(.text)
    _printf_longlong_hex                     0x080004f9   Thumb Code     0  _printf_hex_int.o(.text)
    __printf                                 0x08000551   Thumb Code   308  __printf_flags_wp.o(.text)
    srand                                    0x08000689   Thumb Code    42  rand.o(.text)
    _rand_init                               0x080006b3   Thumb Code     4  rand.o(.text)
    strlen                                   0x080006c5   Thumb Code    62  strlen.o(.text)
    __use_two_region_memory                  0x08000703   Thumb Code     2  heapauxi.o(.text)
    __rt_heap_escrow                         0x08000705   Thumb Code     2  heapauxi.o(.text)
    __rt_heap_expand                         0x08000707   Thumb Code     2  heapauxi.o(.text)
    __rt_heap_descriptor                     0x08000709   Thumb Code     8  rt_heap_descriptor_intlibspace.o(.text)
    __use_no_heap                            0x08000711   Thumb Code     2  hguard.o(.text)
    __heap$guard                             0x08000713   Thumb Code     2  hguard.o(.text)
    _terminate_user_alloc                    0x08000715   Thumb Code     2  init_alloc.o(.text)
    _init_user_alloc                         0x08000717   Thumb Code     2  init_alloc.o(.text)
    __Heap_Full                              0x08000719   Thumb Code    34  init_alloc.o(.text)
    __Heap_Broken                            0x0800073b   Thumb Code     6  init_alloc.o(.text)
    _init_alloc                              0x08000741   Thumb Code    94  init_alloc.o(.text)
    __Heap_Initialize                        0x0800079f   Thumb Code    10  h1_init.o(.text)
    __Heap_DescSize                          0x080007a9   Thumb Code     4  h1_init.o(.text)
    free                                     0x080007ad   Thumb Code    78  h1_free.o(.text)
    _printf_int_common                       0x080007fb   Thumb Code   178  _printf_intcommon.o(.text)
    _printf_char_common                      0x080008b7   Thumb Code    32  _printf_char_common.o(.text)
    _sputc                                   0x080008dd   Thumb Code    10  _sputc.o(.text)
    _snputc                                  0x080008e7   Thumb Code    16  _snputc.o(.text)
    _printf_char_file                        0x080008f9   Thumb Code    32  _printf_char_file.o(.text)
    __user_libspace                          0x0800091d   Thumb Code     8  libspace.o(.text)
    __user_perproc_libspace                  0x0800091d   Thumb Code     0  libspace.o(.text)
    __user_perthread_libspace                0x0800091d   Thumb Code     0  libspace.o(.text)
    __Heap_ProvideMemory                     0x08000925   Thumb Code    52  h1_extend.o(.text)
    ferror                                   0x08000959   Thumb Code     8  ferror.o(.text)
    __rt_SIGRTMEM                            0x08000961   Thumb Code    14  defsig_rtmem_outer.o(.text)
    __I$use$semihosting                      0x0800096f   Thumb Code     0  use_no_semi.o(.text)
    __use_no_semihosting_swi                 0x0800096f   Thumb Code     2  use_no_semi.o(.text)
    __semihosting_library_function           0x08000971   Thumb Code     0  indicate_semi.o(.text)
    __user_setup_stackheap                   0x08000971   Thumb Code    74  sys_stackheap_outer.o(.text)
    exit                                     0x080009bb   Thumb Code    18  exit.o(.text)
    __sig_exit                               0x080009cd   Thumb Code    10  defsig_exit.o(.text)
    __rt_SIGRTMEM_inner                      0x080009d9   Thumb Code    22  defsig_rtmem_inner.o(.text)
    _sys_exit                                0x08000a29   Thumb Code     8  sys_exit.o(.text)
    __default_signal_display                 0x08000a35   Thumb Code    50  defsig_general.o(.text)
    _ttywrch                                 0x08000a67   Thumb Code    14  sys_wrch.o(.text)
    Buttons_GetState                         0x08000bd5   Thumb Code    24  buttons_f4discovery.o(i.Buttons_GetState)
    Buttons_Initialize                       0x08000bf1   Thumb Code    60  buttons_f4discovery.o(i.Buttons_Initialize)
    Delay                                    0x08000c35   Thumb Code    18  it.o(i.Delay)
    HAL_ADC_ConfigChannel                    0x08000c4d   Thumb Code   400  stm32f4xx_hal_adc.o(i.HAL_ADC_ConfigChannel)
    HAL_ADC_GetValue                         0x08000df1   Thumb Code     8  stm32f4xx_hal_adc.o(i.HAL_ADC_GetValue)
    HAL_ADC_Init                             0x08000df9   Thumb Code   100  stm32f4xx_hal_adc.o(i.HAL_ADC_Init)
    HAL_ADC_MspInit                          0x08000e61   Thumb Code     2  stm32f4xx_hal_adc.o(i.HAL_ADC_MspInit)
    HAL_ADC_PollForConversion                0x08000e63   Thumb Code   194  stm32f4xx_hal_adc.o(i.HAL_ADC_PollForConversion)
    HAL_ADC_Start                            0x08000f25   Thumb Code   242  stm32f4xx_hal_adc.o(i.HAL_ADC_Start)
    HAL_ADC_Stop                             0x08001029   Thumb Code    72  stm32f4xx_hal_adc.o(i.HAL_ADC_Stop)
    HAL_GPIO_Init                            0x08001071   Thumb Code   436  stm32f4xx_hal_gpio.o(i.HAL_GPIO_Init)
    HAL_GPIO_ReadPin                         0x08001245   Thumb Code    16  stm32f4xx_hal_gpio.o(i.HAL_GPIO_ReadPin)
    HAL_GetTick                              0x08001255   Thumb Code     6  stm32f4xx_hal.o(i.HAL_GetTick)
    HAL_I2C_Init                             0x08001261   Thumb Code   422  stm32f4xx_hal_i2c.o(i.HAL_I2C_Init)
    HAL_I2C_IsDeviceReady                    0x08001419   Thumb Code   410  stm32f4xx_hal_i2c.o(i.HAL_I2C_IsDeviceReady)
    HAL_I2C_Master_Transmit                  0x080015bd   Thumb Code   360  stm32f4xx_hal_i2c.o(i.HAL_I2C_Master_Transmit)
    HAL_I2C_MspInit                          0x0800172d   Thumb Code     2  stm32f4xx_hal_i2c.o(i.HAL_I2C_MspInit)
    HAL_Init                                 0x08001731   Thumb Code    54  stm32f4xx_hal.o(i.HAL_Init)
    HAL_InitTick                             0x0800176d   Thumb Code    64  stm32f4xx_hal.o(i.HAL_InitTick)
    HAL_MspInit                              0x080017b9   Thumb Code     2  stm32f4xx_hal.o(i.HAL_MspInit)
    HAL_NVIC_SetPriority                     0x080017bb   Thumb Code   124  stm32f4xx_hal_cortex.o(i.HAL_NVIC_SetPriority)
    HAL_NVIC_SetPriorityGrouping             0x08001839   Thumb Code    32  stm32f4xx_hal_cortex.o(i.HAL_NVIC_SetPriorityGrouping)
    HAL_RCC_ClockConfig                      0x08001861   Thumb Code   366  stm32f4xx_hal_rcc.o(i.HAL_RCC_ClockConfig)
    HAL_RCC_GetHCLKFreq                      0x080019e1   Thumb Code     6  stm32f4xx_hal_rcc.o(i.HAL_RCC_GetHCLKFreq)
    HAL_RCC_GetPCLK1Freq                     0x080019ed   Thumb Code    22  stm32f4xx_hal_rcc.o(i.HAL_RCC_GetPCLK1Freq)
    HAL_RCC_GetPCLK2Freq                     0x08001a0d   Thumb Code    22  stm32f4xx_hal_rcc.o(i.HAL_RCC_GetPCLK2Freq)
    HAL_RCC_GetSysClockFreq                  0x08001a2d   Thumb Code   162  stm32f4xx_hal_rcc.o(i.HAL_RCC_GetSysClockFreq)
    HAL_RCC_OscConfig                        0x08001add   Thumb Code  1086  stm32f4xx_hal_rcc.o(i.HAL_RCC_OscConfig)
    HAL_SYSTICK_Config                       0x08001f25   Thumb Code    52  stm32f4xx_hal_cortex.o(i.HAL_SYSTICK_Config)
    HAL_USART_Init                           0x08001f59   Thumb Code    90  stm32f4xx_hal_usart.o(i.HAL_USART_Init)
    HAL_USART_MspInit                        0x08001fb3   Thumb Code     2  stm32f4xx_hal_usart.o(i.HAL_USART_MspInit)
    HAL_USART_Transmit                       0x08001fb5   Thumb Code   214  stm32f4xx_hal_usart.o(i.HAL_USART_Transmit)
    HardFault_Handler                        0x0800208d   Thumb Code    18  it.o(i.HardFault_Handler)
    InitADC                                  0x080023a5   Thumb Code   178  main.o(i.InitADC)
    Init_I2C                                 0x08002469   Thumb Code   150  main.o(i.Init_I2C)
    Init_UART                                0x08002515   Thumb Code   148  main.o(i.Init_UART)
    LCD_Init                                 0x080025b9   Thumb Code    38  main.o(i.LCD_Init)
    LCD_SendCommand                          0x080025df   Thumb Code    18  main.o(i.LCD_SendCommand)
    LCD_SendData                             0x080025f1   Thumb Code    18  main.o(i.LCD_SendData)
    LCD_SendInternal                         0x08002605   Thumb Code   124  main.o(i.LCD_SendInternal)
    LCD_SendString                           0x08002685   Thumb Code    26  main.o(i.LCD_SendString)
    LED_Initialize                           0x080026a1   Thumb Code    68  led_f4discovery.o(i.LED_Initialize)
    SysTick_Handler                          0x080026ed   Thumb Code    12  it.o(i.SysTick_Handler)
    SystemClock_Config                       0x080026fd   Thumb Code   148  main.o(i.SystemClock_Config)
    SystemInit                               0x080027a1   Thumb Code    82  system_stm32f4xx.o(i.SystemInit)
    _is_digit                                0x08002aad   Thumb Code    14  __printf_wp.o(i._is_digit)
    decrypt                                  0x08002abb   Thumb Code    64  encrypt.o(i.decrypt)
    decrypt_first                            0x08002afb   Thumb Code    56  encrypt.o(i.decrypt_first)
    decrypt_round                            0x08002b33   Thumb Code    56  encrypt.o(i.decrypt_round)
    decryptblock                             0x08002b6b   Thumb Code   148  blockchain.o(i.decryptblock)
    encrypt                                  0x08002bff   Thumb Code    68  encrypt.o(i.encrypt)
    encrypt_last                             0x08002c43   Thumb Code    56  encrypt.o(i.encrypt_last)
    encrypt_round                            0x08002c7b   Thumb Code    56  encrypt.o(i.encrypt_round)
    encryptblock                             0x08002cb5   Thumb Code   166  blockchain.o(i.encryptblock)
    fputc                                    0x08002d65   Thumb Code    30  main.o(i.fputc)
    gen_round_keys                           0x08002d89   Thumb Code   114  encrypt.o(i.gen_round_keys)
    main                                     0x08002e01   Thumb Code   482  main.o(i.main)
    randomADC                                0x0800306d   Thumb Code    54  main.o(i.randomADC)
    shift_F                                  0x080030ad   Thumb Code   108  encrypt.o(i.shift_F)
    _fp_init                                 0x0800311d   Thumb Code    10  fpinit.o(x$fpl$fpinit)
    __fplib_config_fpu_vfp                   0x08003125   Thumb Code     0  fpinit.o(x$fpl$fpinit)
    __fplib_config_pureend_doubles           0x08003125   Thumb Code     0  fpinit.o(x$fpl$fpinit)
    arr                                      0x08003170   Data          32  encrypt.o(.constdata)
    shift_arr                                0x08003190   Data           4  encrypt.o(.constdata)
    AHBPrescTable                            0x08003194   Data          16  system_stm32f4xx.o(.constdata)
    APBPrescTable                            0x080031a4   Data           8  system_stm32f4xx.o(.constdata)
    Region$$Table$$Base                      0x080031e8   Number         0  anon$$obj.o(Region$$Table)
    Region$$Table$$Limit                     0x08003208   Number         0  anon$$obj.o(Region$$Table)
    __stdout                                 0x20000000   Data           4  main.o(.data)
    __stdin                                  0x20000004   Data           4  main.o(.data)
    msTicks                                  0x20000008   Data           4  it.o(.data)
    uwTick                                   0x2000000c   Data           4  stm32f4xx_hal.o(.data)
    uwTickPrio                               0x20000010   Data           4  stm32f4xx_hal.o(.data)
    uwTickFreq                               0x20000014   Data           1  stm32f4xx_hal.o(.data)
    SystemCoreClock                          0x20000018   Data           4  system_stm32f4xx.o(.data)
    huart2                                   0x2000001c   Data          68  main.o(.bss)
    hi2c1                                    0x20000060   Data          84  main.o(.bss)
    hadc1                                    0x200000b4   Data          72  main.o(.bss)
    _random_number_data                      0x200000fc   Data         228  rand.o(.bss)
    __libspace_start                         0x200001e0   Data          96  libspace.o(.bss)
    __temporary_stack_top$libspace           0x20000240   Data           0  libspace.o(.bss)



==============================================================================

Memory Map of the image

  Image Entry point : 0x08000259

  Load Region LR_1 (Base: 0x08000000, Size: 0x00003224, Max: 0xffffffff, ABSOLUTE)

    Execution Region ER_RO (Exec base: 0x08000000, Load base: 0x08000000, Size: 0x00003208, Max: 0xffffffff, ABSOLUTE)

    Exec Addr    Load Addr    Size         Type   Attr      Idx    E Section Name        Object

    0x08000000   0x08000000   0x00000198   Data   RO         2397    RESET               startup_stm32f411xe.o
    0x08000198   0x08000198   0x00000008   Code   RO         2569  * !!!main             c_w.l(__main.o)
    0x080001a0   0x080001a0   0x00000034   Code   RO         2803    !!!scatter          c_w.l(__scatter.o)
    0x080001d4   0x080001d4   0x0000001a   Code   RO         2805    !!handler_copy      c_w.l(__scatter_copy.o)
    0x080001ee   0x080001ee   0x00000002   PAD
    0x080001f0   0x080001f0   0x0000001c   Code   RO         2807    !!handler_zi        c_w.l(__scatter_zi.o)
    0x0800020c   0x0800020c   0x00000000   Code   RO         2557    .ARM.Collect$$_printf_percent$$00000000  c_w.l(_printf_percent.o)
    0x0800020c   0x0800020c   0x00000006   Code   RO         2555    .ARM.Collect$$_printf_percent$$00000009  c_w.l(_printf_d.o)
    0x08000212   0x08000212   0x00000006   Code   RO         2556    .ARM.Collect$$_printf_percent$$0000000A  c_w.l(_printf_u.o)
    0x08000218   0x08000218   0x00000006   Code   RO         2554    .ARM.Collect$$_printf_percent$$0000000C  c_w.l(_printf_x.o)
    0x0800021e   0x0800021e   0x00000004   Code   RO         2619    .ARM.Collect$$_printf_percent$$00000017  c_w.l(_printf_percent_end.o)
    0x08000222   0x08000222   0x00000002   Code   RO         2742    .ARM.Collect$$libinit$$00000000  c_w.l(libinit.o)
    0x08000224   0x08000224   0x00000004   Code   RO         2622    .ARM.Collect$$libinit$$00000001  c_w.l(libinit2.o)
    0x08000228   0x08000228   0x00000000   Code   RO         2625    .ARM.Collect$$libinit$$00000004  c_w.l(libinit2.o)
    0x08000228   0x08000228   0x00000008   Code   RO         2626    .ARM.Collect$$libinit$$00000005  c_w.l(libinit2.o)
    0x08000230   0x08000230   0x00000000   Code   RO         2628    .ARM.Collect$$libinit$$0000000A  c_w.l(libinit2.o)
    0x08000230   0x08000230   0x00000000   Code   RO         2630    .ARM.Collect$$libinit$$0000000C  c_w.l(libinit2.o)
    0x08000230   0x08000230   0x00000004   Code   RO         2631    .ARM.Collect$$libinit$$0000000D  c_w.l(libinit2.o)
    0x08000234   0x08000234   0x00000000   Code   RO         2632    .ARM.Collect$$libinit$$0000000E  c_w.l(libinit2.o)
    0x08000234   0x08000234   0x00000000   Code   RO         2635    .ARM.Collect$$libinit$$00000011  c_w.l(libinit2.o)
    0x08000234   0x08000234   0x00000000   Code   RO         2637    .ARM.Collect$$libinit$$00000013  c_w.l(libinit2.o)
    0x08000234   0x08000234   0x00000000   Code   RO         2639    .ARM.Collect$$libinit$$00000015  c_w.l(libinit2.o)
    0x08000234   0x08000234   0x00000000   Code   RO         2641    .ARM.Collect$$libinit$$00000017  c_w.l(libinit2.o)
    0x08000234   0x08000234   0x00000000   Code   RO         2643    .ARM.Collect$$libinit$$00000019  c_w.l(libinit2.o)
    0x08000234   0x08000234   0x00000000   Code   RO         2645    .ARM.Collect$$libinit$$0000001B  c_w.l(libinit2.o)
    0x08000234   0x08000234   0x00000000   Code   RO         2647    .ARM.Collect$$libinit$$0000001D  c_w.l(libinit2.o)
    0x08000234   0x08000234   0x00000000   Code   RO         2649    .ARM.Collect$$libinit$$0000001F  c_w.l(libinit2.o)
    0x08000234   0x08000234   0x00000000   Code   RO         2651    .ARM.Collect$$libinit$$00000021  c_w.l(libinit2.o)
    0x08000234   0x08000234   0x00000000   Code   RO         2653    .ARM.Collect$$libinit$$00000023  c_w.l(libinit2.o)
    0x08000234   0x08000234   0x00000000   Code   RO         2655    .ARM.Collect$$libinit$$00000025  c_w.l(libinit2.o)
    0x08000234   0x08000234   0x00000000   Code   RO         2659    .ARM.Collect$$libinit$$0000002C  c_w.l(libinit2.o)
    0x08000234   0x08000234   0x00000000   Code   RO         2661    .ARM.Collect$$libinit$$0000002E  c_w.l(libinit2.o)
    0x08000234   0x08000234   0x00000000   Code   RO         2663    .ARM.Collect$$libinit$$00000030  c_w.l(libinit2.o)
    0x08000234   0x08000234   0x00000000   Code   RO         2665    .ARM.Collect$$libinit$$00000032  c_w.l(libinit2.o)
    0x08000234   0x08000234   0x00000002   Code   RO         2666    .ARM.Collect$$libinit$$00000033  c_w.l(libinit2.o)
    0x08000236   0x08000236   0x00000002   Code   RO         2800    .ARM.Collect$$libshutdown$$00000000  c_w.l(libshutdown.o)
    0x08000238   0x08000238   0x00000000   Code   RO         2758    .ARM.Collect$$libshutdown$$00000002  c_w.l(libshutdown2.o)
    0x08000238   0x08000238   0x00000000   Code   RO         2760    .ARM.Collect$$libshutdown$$00000004  c_w.l(libshutdown2.o)
    0x08000238   0x08000238   0x00000000   Code   RO         2763    .ARM.Collect$$libshutdown$$00000007  c_w.l(libshutdown2.o)
    0x08000238   0x08000238   0x00000000   Code   RO         2766    .ARM.Collect$$libshutdown$$0000000A  c_w.l(libshutdown2.o)
    0x08000238   0x08000238   0x00000000   Code   RO         2768    .ARM.Collect$$libshutdown$$0000000C  c_w.l(libshutdown2.o)
    0x08000238   0x08000238   0x00000000   Code   RO         2771    .ARM.Collect$$libshutdown$$0000000F  c_w.l(libshutdown2.o)
    0x08000238   0x08000238   0x00000002   Code   RO         2772    .ARM.Collect$$libshutdown$$00000010  c_w.l(libshutdown2.o)
    0x0800023a   0x0800023a   0x00000000   Code   RO         2573    .ARM.Collect$$rtentry$$00000000  c_w.l(__rtentry.o)
    0x0800023a   0x0800023a   0x00000000   Code   RO         2673    .ARM.Collect$$rtentry$$00000002  c_w.l(__rtentry2.o)
    0x0800023a   0x0800023a   0x00000006   Code   RO         2685    .ARM.Collect$$rtentry$$00000004  c_w.l(__rtentry4.o)
    0x08000240   0x08000240   0x00000000   Code   RO         2675    .ARM.Collect$$rtentry$$00000009  c_w.l(__rtentry2.o)
    0x08000240   0x08000240   0x00000004   Code   RO         2676    .ARM.Collect$$rtentry$$0000000A  c_w.l(__rtentry2.o)
    0x08000244   0x08000244   0x00000000   Code   RO         2678    .ARM.Collect$$rtentry$$0000000C  c_w.l(__rtentry2.o)
    0x08000244   0x08000244   0x00000008   Code   RO         2679    .ARM.Collect$$rtentry$$0000000D  c_w.l(__rtentry2.o)
    0x0800024c   0x0800024c   0x00000002   Code   RO         2745    .ARM.Collect$$rtexit$$00000000  c_w.l(rtexit.o)
    0x0800024e   0x0800024e   0x00000000   Code   RO         2776    .ARM.Collect$$rtexit$$00000002  c_w.l(rtexit2.o)
    0x0800024e   0x0800024e   0x00000004   Code   RO         2777    .ARM.Collect$$rtexit$$00000003  c_w.l(rtexit2.o)
    0x08000252   0x08000252   0x00000006   Code   RO         2778    .ARM.Collect$$rtexit$$00000004  c_w.l(rtexit2.o)
    0x08000258   0x08000258   0x00000000   Code   RO         2691    .emb_text           c_w.l(maybetermalloc1.o)
    0x08000258   0x08000258   0x00000040   Code   RO         2398  * .text               startup_stm32f411xe.o
    0x08000298   0x08000298   0x0000005e   Code   RO         2443    .text               c_w.l(h1_alloc.o)
    0x080002f6   0x080002f6   0x000000ee   Code   RO         2497    .text               c_w.l(lludivv7m.o)
    0x080003e4   0x080003e4   0x00000018   Code   RO         2503    .text               c_w.l(noretval__2printf.o)
    0x080003fc   0x080003fc   0x00000034   Code   RO         2505    .text               c_w.l(noretval__2snprintf.o)
    0x08000430   0x08000430   0x0000004e   Code   RO         2509    .text               c_w.l(_printf_pad.o)
    0x0800047e   0x0800047e   0x00000002   PAD
    0x08000480   0x08000480   0x00000078   Code   RO         2511    .text               c_w.l(_printf_dec.o)
    0x080004f8   0x080004f8   0x00000058   Code   RO         2516    .text               c_w.l(_printf_hex_int.o)
    0x08000550   0x08000550   0x00000138   Code   RO         2546    .text               c_w.l(__printf_flags_wp.o)
    0x08000688   0x08000688   0x0000003c   Code   RO         2559    .text               c_w.l(rand.o)
    0x080006c4   0x080006c4   0x0000003e   Code   RO         2563    .text               c_w.l(strlen.o)
    0x08000702   0x08000702   0x00000006   Code   RO         2567    .text               c_w.l(heapauxi.o)
    0x08000708   0x08000708   0x00000008   Code   RO         2581    .text               c_w.l(rt_heap_descriptor_intlibspace.o)
    0x08000710   0x08000710   0x00000004   Code   RO         2583    .text               c_w.l(hguard.o)
    0x08000714   0x08000714   0x0000008a   Code   RO         2585    .text               c_w.l(init_alloc.o)
    0x0800079e   0x0800079e   0x0000000e   Code   RO         2591    .text               c_w.l(h1_init.o)
    0x080007ac   0x080007ac   0x0000004e   Code   RO         2593    .text               c_w.l(h1_free.o)
    0x080007fa   0x080007fa   0x000000b2   Code   RO         2609    .text               c_w.l(_printf_intcommon.o)
    0x080008ac   0x080008ac   0x00000030   Code   RO         2611    .text               c_w.l(_printf_char_common.o)
    0x080008dc   0x080008dc   0x0000000a   Code   RO         2613    .text               c_w.l(_sputc.o)
    0x080008e6   0x080008e6   0x00000010   Code   RO         2615    .text               c_w.l(_snputc.o)
    0x080008f6   0x080008f6   0x00000002   PAD
    0x080008f8   0x080008f8   0x00000024   Code   RO         2617    .text               c_w.l(_printf_char_file.o)
    0x0800091c   0x0800091c   0x00000008   Code   RO         2669    .text               c_w.l(libspace.o)
    0x08000924   0x08000924   0x00000034   Code   RO         2693    .text               c_w.l(h1_extend.o)
    0x08000958   0x08000958   0x00000008   Code   RO         2699    .text               c_w.l(ferror.o)
    0x08000960   0x08000960   0x0000000e   Code   RO         2703    .text               c_w.l(defsig_rtmem_outer.o)
    0x0800096e   0x0800096e   0x00000002   Code   RO         2714    .text               c_w.l(use_no_semi.o)
    0x08000970   0x08000970   0x00000000   Code   RO         2716    .text               c_w.l(indicate_semi.o)
    0x08000970   0x08000970   0x0000004a   Code   RO         2717    .text               c_w.l(sys_stackheap_outer.o)
    0x080009ba   0x080009ba   0x00000012   Code   RO         2723    .text               c_w.l(exit.o)
    0x080009cc   0x080009cc   0x0000000a   Code   RO         2725    .text               c_w.l(defsig_exit.o)
    0x080009d6   0x080009d6   0x00000002   PAD
    0x080009d8   0x080009d8   0x00000050   Code   RO         2731    .text               c_w.l(defsig_rtmem_inner.o)
    0x08000a28   0x08000a28   0x0000000c   Code   RO         2743    .text               c_w.l(sys_exit.o)
    0x08000a34   0x08000a34   0x00000032   Code   RO         2753    .text               c_w.l(defsig_general.o)
    0x08000a66   0x08000a66   0x0000000e   Code   RO         2773    .text               c_w.l(sys_wrch.o)
    0x08000a74   0x08000a74   0x00000160   Code   RO          655    i.ADC_Init          stm32f4xx_hal_adc.o
    0x08000bd4   0x08000bd4   0x0000001c   Code   RO          372    i.Buttons_GetState  buttons_f4discovery.o
    0x08000bf0   0x08000bf0   0x00000044   Code   RO          373    i.Buttons_Initialize  buttons_f4discovery.o
    0x08000c34   0x08000c34   0x00000018   Code   RO          245    i.Delay             it.o
    0x08000c4c   0x08000c4c   0x000001a4   Code   RO          657    i.HAL_ADC_ConfigChannel  stm32f4xx_hal_adc.o
    0x08000df0   0x08000df0   0x00000008   Code   RO          664    i.HAL_ADC_GetValue  stm32f4xx_hal_adc.o
    0x08000df8   0x08000df8   0x00000068   Code   RO          666    i.HAL_ADC_Init      stm32f4xx_hal_adc.o
    0x08000e60   0x08000e60   0x00000002   Code   RO          669    i.HAL_ADC_MspInit   stm32f4xx_hal_adc.o
    0x08000e62   0x08000e62   0x000000c2   Code   RO          670    i.HAL_ADC_PollForConversion  stm32f4xx_hal_adc.o
    0x08000f24   0x08000f24   0x00000104   Code   RO          672    i.HAL_ADC_Start     stm32f4xx_hal_adc.o
    0x08001028   0x08001028   0x00000048   Code   RO          675    i.HAL_ADC_Stop      stm32f4xx_hal_adc.o
    0x08001070   0x08001070   0x000001d4   Code   RO         1217    i.HAL_GPIO_Init     stm32f4xx_hal_gpio.o
    0x08001244   0x08001244   0x00000010   Code   RO         1219    i.HAL_GPIO_ReadPin  stm32f4xx_hal_gpio.o
    0x08001254   0x08001254   0x0000000c   Code   RO          482    i.HAL_GetTick       stm32f4xx_hal.o
    0x08001260   0x08001260   0x000001b8   Code   RO         1291    i.HAL_I2C_Init      stm32f4xx_hal_i2c.o
    0x08001418   0x08001418   0x000001a4   Code   RO         1292    i.HAL_I2C_IsDeviceReady  stm32f4xx_hal_i2c.o
    0x080015bc   0x080015bc   0x00000170   Code   RO         1304    i.HAL_I2C_Master_Transmit  stm32f4xx_hal_i2c.o
    0x0800172c   0x0800172c   0x00000002   Code   RO         1316    i.HAL_I2C_MspInit   stm32f4xx_hal_i2c.o
    0x0800172e   0x0800172e   0x00000002   PAD
    0x08001730   0x08001730   0x0000003c   Code   RO          489    i.HAL_Init          stm32f4xx_hal.o
    0x0800176c   0x0800176c   0x0000004c   Code   RO          490    i.HAL_InitTick      stm32f4xx_hal.o
    0x080017b8   0x080017b8   0x00000002   Code   RO          492    i.HAL_MspInit       stm32f4xx_hal.o
    0x080017ba   0x080017ba   0x0000007c   Code   RO          938    i.HAL_NVIC_SetPriority  stm32f4xx_hal_cortex.o
    0x08001836   0x08001836   0x00000002   PAD
    0x08001838   0x08001838   0x00000028   Code   RO          939    i.HAL_NVIC_SetPriorityGrouping  stm32f4xx_hal_cortex.o
    0x08001860   0x08001860   0x00000180   Code   RO         1971    i.HAL_RCC_ClockConfig  stm32f4xx_hal_rcc.o
    0x080019e0   0x080019e0   0x0000000c   Code   RO         1976    i.HAL_RCC_GetHCLKFreq  stm32f4xx_hal_rcc.o
    0x080019ec   0x080019ec   0x00000020   Code   RO         1978    i.HAL_RCC_GetPCLK1Freq  stm32f4xx_hal_rcc.o
    0x08001a0c   0x08001a0c   0x00000020   Code   RO         1979    i.HAL_RCC_GetPCLK2Freq  stm32f4xx_hal_rcc.o
    0x08001a2c   0x08001a2c   0x000000b0   Code   RO         1980    i.HAL_RCC_GetSysClockFreq  stm32f4xx_hal_rcc.o
    0x08001adc   0x08001adc   0x00000448   Code   RO         1983    i.HAL_RCC_OscConfig  stm32f4xx_hal_rcc.o
    0x08001f24   0x08001f24   0x00000034   Code   RO          943    i.HAL_SYSTICK_Config  stm32f4xx_hal_cortex.o
    0x08001f58   0x08001f58   0x0000005a   Code   RO         2143    i.HAL_USART_Init    stm32f4xx_hal_usart.o
    0x08001fb2   0x08001fb2   0x00000002   Code   RO         2145    i.HAL_USART_MspInit  stm32f4xx_hal_usart.o
    0x08001fb4   0x08001fb4   0x000000d6   Code   RO         2151    i.HAL_USART_Transmit  stm32f4xx_hal_usart.o
    0x0800208a   0x0800208a   0x00000002   PAD
    0x0800208c   0x0800208c   0x00000028   Code   RO          246    i.HardFault_Handler  it.o
    0x080020b4   0x080020b4   0x0000003e   Code   RO         1334    i.I2C_IsAcknowledgeFailed  stm32f4xx_hal_i2c.o
    0x080020f2   0x080020f2   0x00000002   PAD
    0x080020f4   0x080020f4   0x000000ac   Code   RO         1338    i.I2C_MasterRequestWrite  stm32f4xx_hal_i2c.o
    0x080021a0   0x080021a0   0x0000005c   Code   RO         1353    i.I2C_WaitOnBTFFlagUntilTimeout  stm32f4xx_hal_i2c.o
    0x080021fc   0x080021fc   0x00000086   Code   RO         1354    i.I2C_WaitOnFlagUntilTimeout  stm32f4xx_hal_i2c.o
    0x08002282   0x08002282   0x000000c4   Code   RO         1355    i.I2C_WaitOnMasterAddressFlagUntilTimeout  stm32f4xx_hal_i2c.o
    0x08002346   0x08002346   0x0000005c   Code   RO         1358    i.I2C_WaitOnTXEFlagUntilTimeout  stm32f4xx_hal_i2c.o
    0x080023a2   0x080023a2   0x00000002   PAD
    0x080023a4   0x080023a4   0x000000c4   Code   RO            5    i.InitADC           main.o
    0x08002468   0x08002468   0x000000ac   Code   RO            6    i.Init_I2C          main.o
    0x08002514   0x08002514   0x000000a4   Code   RO            7    i.Init_UART         main.o
    0x080025b8   0x080025b8   0x00000026   Code   RO            8    i.LCD_Init          main.o
    0x080025de   0x080025de   0x00000012   Code   RO            9    i.LCD_SendCommand   main.o
    0x080025f0   0x080025f0   0x00000012   Code   RO           10    i.LCD_SendData      main.o
    0x08002602   0x08002602   0x00000002   PAD
    0x08002604   0x08002604   0x00000080   Code   RO           11    i.LCD_SendInternal  main.o
    0x08002684   0x08002684   0x0000001a   Code   RO           12    i.LCD_SendString    main.o
    0x0800269e   0x0800269e   0x00000002   PAD
    0x080026a0   0x080026a0   0x0000004c   Code   RO          414    i.LED_Initialize    led_f4discovery.o
    0x080026ec   0x080026ec   0x00000010   Code   RO          247    i.SysTick_Handler   it.o
    0x080026fc   0x080026fc   0x000000a4   Code   RO           13    i.SystemClock_Config  main.o
    0x080027a0   0x080027a0   0x00000064   Code   RO         2406    i.SystemInit        system_stm32f4xx.o
    0x08002804   0x08002804   0x000001f0   Code   RO         2172    i.USART_SetConfig   stm32f4xx_hal_usart.o
    0x080029f4   0x080029f4   0x00000080   Code   RO         2175    i.USART_WaitOnFlagUntilTimeout  stm32f4xx_hal_usart.o
    0x08002a74   0x08002a74   0x00000010   Code   RO          945    i.__NVIC_GetPriorityGrouping  stm32f4xx_hal_cortex.o
    0x08002a84   0x08002a84   0x00000028   Code   RO          946    i.__NVIC_SetPriority  stm32f4xx_hal_cortex.o
    0x08002aac   0x08002aac   0x0000000e   Code   RO         2544    i._is_digit         c_w.l(__printf_wp.o)
    0x08002aba   0x08002aba   0x00000040   Code   RO          289    i.decrypt           encrypt.o
    0x08002afa   0x08002afa   0x00000038   Code   RO          290    i.decrypt_first     encrypt.o
    0x08002b32   0x08002b32   0x00000038   Code   RO          291    i.decrypt_round     encrypt.o
    0x08002b6a   0x08002b6a   0x00000094   Code   RO          346    i.decryptblock      blockchain.o
    0x08002bfe   0x08002bfe   0x00000044   Code   RO          292    i.encrypt           encrypt.o
    0x08002c42   0x08002c42   0x00000038   Code   RO          293    i.encrypt_last      encrypt.o
    0x08002c7a   0x08002c7a   0x00000038   Code   RO          294    i.encrypt_round     encrypt.o
    0x08002cb2   0x08002cb2   0x00000002   PAD
    0x08002cb4   0x08002cb4   0x000000b0   Code   RO          347    i.encryptblock      blockchain.o
    0x08002d64   0x08002d64   0x00000024   Code   RO           14    i.fputc             main.o
    0x08002d88   0x08002d88   0x00000078   Code   RO          295    i.gen_round_keys    encrypt.o
    0x08002e00   0x08002e00   0x0000026c   Code   RO           16    i.main              main.o
    0x0800306c   0x0800306c   0x00000040   Code   RO           17    i.randomADC         main.o
    0x080030ac   0x080030ac   0x00000070   Code   RO          296    i.shift_F           encrypt.o
    0x0800311c   0x0800311c   0x0000000a   Code   RO         2712    x$fpl$fpinit        fz_wm.l(fpinit.o)
    0x08003126   0x08003126   0x00000002   PAD
    0x08003128   0x08003128   0x00000047   Data   RO           19    .constdata          main.o
    0x0800316f   0x0800316f   0x00000001   PAD
    0x08003170   0x08003170   0x00000024   Data   RO          297    .constdata          encrypt.o
    0x08003194   0x08003194   0x00000018   Data   RO         2407    .constdata          system_stm32f4xx.o
    0x080031ac   0x080031ac   0x00000028   Data   RO         2517    .constdata          c_w.l(_printf_hex_int.o)
    0x080031d4   0x080031d4   0x00000011   Data   RO         2547    .constdata          c_w.l(__printf_flags_wp.o)
    0x080031e5   0x080031e5   0x00000003   PAD
    0x080031e8   0x080031e8   0x00000020   Data   RO         2801    Region$$Table       anon$$obj.o


    Execution Region ER_RW (Exec base: 0x20000000, Load base: 0x08003208, Size: 0x0000001c, Max: 0xffffffff, ABSOLUTE)

    Exec Addr    Load Addr    Size         Type   Attr      Idx    E Section Name        Object

    0x20000000   0x08003208   0x00000008   Data   RW           20    .data               main.o
    0x20000008   0x08003210   0x00000004   Data   RW          248    .data               it.o
    0x2000000c   0x08003214   0x00000009   Data   RW          496    .data               stm32f4xx_hal.o
    0x20000015   0x0800321d   0x00000003   PAD
    0x20000018   0x08003220   0x00000004   Data   RW         2408    .data               system_stm32f4xx.o


    Execution Region ER_ZI (Exec base: 0x2000001c, Load base: 0x08003224, Size: 0x00000824, Max: 0xffffffff, ABSOLUTE)

    Exec Addr    Load Addr    Size         Type   Attr      Idx    E Section Name        Object

    0x2000001c        -       0x000000e0   Zero   RW           18    .bss                main.o
    0x200000fc        -       0x000000e4   Zero   RW         2560    .bss                c_w.l(rand.o)
    0x200001e0        -       0x00000060   Zero   RW         2670    .bss                c_w.l(libspace.o)
    0x20000240        -       0x00000200   Zero   RW         2396    HEAP                startup_stm32f411xe.o
    0x20000440        -       0x00000400   Zero   RW         2395    STACK               startup_stm32f411xe.o


==============================================================================

Image component sizes


      Code (inc. data)   RO Data    RW Data    ZI Data      Debug   Object Name

       324         10          0          0          0       2010   blockchain.o
        96         12          0          0          0       2308   buttons_f4discovery.o
       588         10         36          0          0       5994   encrypt.o
        80         32          0          4          0       1909   it.o
        76          8          0          0          0       1629   led_f4discovery.o
      1644        230         71          8        224     450985   main.o
        64         26        408          0       1536        856   startup_stm32f411xe.o
       150         24          0          9          0       4493   stm32f4xx_hal.o
      1412         50          0          0          0       7183   stm32f4xx_hal_adc.o
       272         22          0          0          0      34202   stm32f4xx_hal_cortex.o
       484         32          0          0          0       2719   stm32f4xx_hal_gpio.o
      1978         42          0          0          0      10911   stm32f4xx_hal_i2c.o
      1732         84          0          0          0       6260   stm32f4xx_hal_rcc.o
       930          8          0          0          0       4966   stm32f4xx_hal_usart.o
       100         18         24          4          0       1471   system_stm32f4xx.o

    ----------------------------------------------------------------------
      9946        608        572         28       1760     537896   Object Totals
         0          0         32          0          0          0   (incl. Generated)
        16          0          1          3          0          0   (incl. Padding)

    ----------------------------------------------------------------------

      Code (inc. data)   RO Data    RW Data    ZI Data      Debug   Library Member Name

         8          0          0          0          0         68   __main.o
       312          4         17          0          0         92   __printf_flags_wp.o
        14          0          0          0          0         68   __printf_wp.o
         0          0          0          0          0          0   __rtentry.o
        12          0          0          0          0          0   __rtentry2.o
         6          0          0          0          0          0   __rtentry4.o
        52          8          0          0          0          0   __scatter.o
        26          0          0          0          0          0   __scatter_copy.o
        28          0          0          0          0          0   __scatter_zi.o
        48          6          0          0          0         96   _printf_char_common.o
        36          4          0          0          0         80   _printf_char_file.o
         6          0          0          0          0          0   _printf_d.o
       120         16          0          0          0         92   _printf_dec.o
        88          4         40          0          0         88   _printf_hex_int.o
       178          0          0          0          0         88   _printf_intcommon.o
        78          0          0          0          0        108   _printf_pad.o
         0          0          0          0          0          0   _printf_percent.o
         4          0          0          0          0          0   _printf_percent_end.o
         6          0          0          0          0          0   _printf_u.o
         6          0          0          0          0          0   _printf_x.o
        16          0          0          0          0         68   _snputc.o
        10          0          0          0          0         68   _sputc.o
        10          0          0          0          0         68   defsig_exit.o
        50          0          0          0          0         88   defsig_general.o
        80         58          0          0          0         76   defsig_rtmem_inner.o
        14          0          0          0          0         80   defsig_rtmem_outer.o
        18          0          0          0          0         80   exit.o
         8          0          0          0          0         68   ferror.o
        94          0          0          0          0         80   h1_alloc.o
        52          0          0          0          0         68   h1_extend.o
        78          0          0          0          0         80   h1_free.o
        14          0          0          0          0         84   h1_init.o
         6          0          0          0          0        152   heapauxi.o
         4          0          0          0          0        136   hguard.o
         0          0          0          0          0          0   indicate_semi.o
       138          0          0          0          0        168   init_alloc.o
         2          0          0          0          0          0   libinit.o
        18          0          0          0          0          0   libinit2.o
         2          0          0          0          0          0   libshutdown.o
         2          0          0          0          0          0   libshutdown2.o
         8          4          0          0         96         68   libspace.o
       238          0          0          0          0        100   lludivv7m.o
         0          0          0          0          0          0   maybetermalloc1.o
        24          4          0          0          0         84   noretval__2printf.o
        52          4          0          0          0         84   noretval__2snprintf.o
        60         14          0          0        228         92   rand.o
         8          4          0          0          0         68   rt_heap_descriptor_intlibspace.o
         2          0          0          0          0          0   rtexit.o
        10          0          0          0          0          0   rtexit2.o
        62          0          0          0          0         76   strlen.o
        12          4          0          0          0         68   sys_exit.o
        74          0          0          0          0         80   sys_stackheap_outer.o
        14          0          0          0          0         76   sys_wrch.o
         2          0          0          0          0         68   use_no_semi.o
        10          0          0          0          0        116   fpinit.o

    ----------------------------------------------------------------------
      2230        134         60          0        324       3124   Library Totals
        10          0          3          0          0          0   (incl. Padding)

    ----------------------------------------------------------------------

      Code (inc. data)   RO Data    RW Data    ZI Data      Debug   Library Name

      2210        134         57          0        324       3008   c_w.l
        10          0          0          0          0        116   fz_wm.l

    ----------------------------------------------------------------------
      2230        134         60          0        324       3124   Library Totals

    ----------------------------------------------------------------------

==============================================================================


      Code (inc. data)   RO Data    RW Data    ZI Data      Debug   

     12176        742        632         28       2084     532956   Grand Totals
     12176        742        632         28       2084     532956   ELF Image Totals
     12176        742        632         28          0          0   ROM Totals

==============================================================================

    Total RO  Size (Code + RO Data)                12808 (  12.51kB)
    Total RW  Size (RW Data + ZI Data)              2112 (   2.06kB)
    Total ROM Size (Code + RO Data + RW Data)      12836 (  12.54kB)

==============================================================================

